2026-09-29 18:26:28,824   INFO  **********************Start HW-QAT logging**********************
2026-09-29 18:26:28,824   INFO  CUDA_VISIBLE_DEVICES=ALL
2026-09-29 18:26:28,824   INFO  Training in single-process mode
2026-09-29 18:26:28,824   INFO  cfg_file                 cfgs/once_models/second_hw_qat.yaml
2026-09-29 18:26:28,824   INFO  batch_size               4
2026-09-29 18:26:28,824   INFO  epochs                   10
2026-09-29 18:26:28,824   INFO  workers                  4
2026-09-29 18:26:28,824   INFO  extra_tag                hw_qat_10ep
2026-09-29 18:26:28,824   INFO  ckpt                     None
2026-09-29 18:26:28,824   INFO  pretrained_model         ../output/once_models/second/ep40/ckpt/checkpoint_epoch_40.pth
2026-09-29 18:26:28,824   INFO  launcher                 none
2026-09-29 18:26:28,824   INFO  tcp_port                 18888
2026-09-29 18:26:28,824   INFO  sync_bn                  False
2026-09-29 18:26:28,824   INFO  fix_random_seed          False
2026-09-29 18:26:28,824   INFO  ckpt_save_interval       1
2026-09-29 18:26:28,824   INFO  local_rank               None
2026-09-29 18:26:28,824   INFO  max_ckpt_save_num        30
2026-09-29 18:26:28,824   INFO  merge_all_iters_to_one_epoch False
2026-09-29 18:26:28,824   INFO  set_cfgs                 None
2026-09-29 18:26:28,824   INFO  max_waiting_mins         0
2026-09-29 18:26:28,824   INFO  start_epoch              0
2026-09-29 18:26:28,824   INFO  num_epochs_to_eval       0
2026-09-29 18:26:28,825   INFO  save_to_file             False
2026-09-29 18:26:28,825   INFO  use_tqdm_to_record       False
2026-09-29 18:26:28,825   INFO  logger_iter_interval     50
2026-09-29 18:26:28,825   INFO  ckpt_save_time_interval  300
2026-09-29 18:26:28,825   INFO  wo_gpu_stat              False
2026-09-29 18:26:28,825   INFO  use_amp                  False
2026-09-29 18:26:28,825   INFO  hw_qat                   True
2026-09-29 18:26:28,825   INFO  activation_quant         signed_symmetric
2026-09-29 18:26:28,825   INFO  weight_quant             per_channel
2026-09-29 18:26:28,825   INFO  observer                 max
2026-09-29 18:26:28,825   INFO  observer_momentum        0.95
2026-09-29 18:26:28,825   INFO  freeze_observer_epoch    -1
2026-09-29 18:26:28,825   INFO  export_qparams           True
2026-09-29 18:26:28,825   INFO  cfg.ROOT_DIR: /home/vipuser/桌面/OpenPCDet
2026-09-29 18:26:28,825   INFO  cfg.LOCAL_RANK: 0
2026-09-29 18:26:28,825   INFO  cfg.CLASS_NAMES: ['Car', 'Bus', 'Truck', 'Pedestrian', 'Cyclist']
2026-09-29 18:26:28,825   INFO  ----------- DATA_CONFIG -----------
2026-09-29 18:26:28,825   INFO  cfg.DATA_CONFIG.DATASET: ONCEDataset
2026-09-29 18:26:28,825   INFO  cfg.DATA_CONFIG.DATA_PATH: ../data/once
2026-09-29 18:26:28,825   INFO  cfg.DATA_CONFIG.CLOUD_DATA_PATH: /cache/once
2026-09-29 18:26:28,825   INFO  cfg.DATA_CONFIG.POINT_CLOUD_RANGE: [-75.2, -75.2, -5.0, 75.2, 75.2, 3.0]
2026-09-29 18:26:28,825   INFO  ----------- INFO_PATH -----------
2026-09-29 18:26:28,825   INFO  cfg.DATA_CONFIG.INFO_PATH.train: ['once_infos_train.pkl']
2026-09-29 18:26:28,825   INFO  cfg.DATA_CONFIG.INFO_PATH.val: ['once_infos_val.pkl']
2026-09-29 18:26:28,825   INFO  cfg.DATA_CONFIG.INFO_PATH.test: ['once_infos_test.pkl']
2026-09-29 18:26:28,825   INFO  ----------- DATA_SPLIT -----------
2026-09-29 18:26:28,825   INFO  cfg.DATA_CONFIG.DATA_SPLIT.train: train
2026-09-29 18:26:28,825   INFO  cfg.DATA_CONFIG.DATA_SPLIT.test: val
2026-09-29 18:26:28,825   INFO  ----------- DATA_AUGMENTOR -----------
2026-09-29 18:26:28,826   INFO  cfg.DATA_CONFIG.DATA_AUGMENTOR.DISABLE_AUG_LIST: ['placeholder']
2026-09-29 18:26:28,826   INFO  cfg.DATA_CONFIG.DATA_AUGMENTOR.AUG_CONFIG_LIST: [{'NAME': 'gt_sampling', 'USE_ROAD_PLANE': False, 'DB_INFO_PATH': ['once_dbinfos_train.pkl'], 'PREPARE': {'filter_by_min_points': ['Car:5', 'Bus:5', 'Truck:5', 'Pedestrian:5', 'Cyclist:5']}, 'SAMPLE_GROUPS': ['Car:1', 'Bus:4', 'Truck:3', 'Pedestrian:2', 'Cyclist:2'], 'NUM_POINT_FEATURES': 4, 'REMOVE_EXTRA_WIDTH': [0.0, 0.0, 0.0], 'LIMIT_WHOLE_SCENE': True}, {'NAME': 'random_world_flip', 'ALONG_AXIS_LIST': ['x', 'y']}, {'NAME': 'random_world_rotation', 'WORLD_ROT_ANGLE': [-0.78539816, 0.78539816]}, {'NAME': 'random_world_scaling', 'WORLD_SCALE_RANGE': [0.95, 1.05]}]
2026-09-29 18:26:28,826   INFO  ----------- POINT_FEATURE_ENCODING -----------
2026-09-29 18:26:28,826   INFO  cfg.DATA_CONFIG.POINT_FEATURE_ENCODING.encoding_type: absolute_coordinates_encoding
2026-09-29 18:26:28,826   INFO  cfg.DATA_CONFIG.POINT_FEATURE_ENCODING.used_feature_list: ['x', 'y', 'z', 'intensity']
2026-09-29 18:26:28,826   INFO  cfg.DATA_CONFIG.POINT_FEATURE_ENCODING.src_feature_list: ['x', 'y', 'z', 'intensity']
2026-09-29 18:26:28,826   INFO  cfg.DATA_CONFIG.DATA_PROCESSOR: [{'NAME': 'mask_points_and_boxes_outside_range', 'REMOVE_OUTSIDE_BOXES': True}, {'NAME': 'shuffle_points', 'SHUFFLE_ENABLED': {'train': True, 'test': False}}, {'NAME': 'transform_points_to_voxels', 'VOXEL_SIZE': [0.1, 0.1, 0.2], 'MAX_POINTS_PER_VOXEL': 5, 'MAX_NUMBER_OF_VOXELS': {'train': 60000, 'test': 60000}}]
2026-09-29 18:26:28,826   INFO  cfg.DATA_CONFIG._BASE_CONFIG_: cfgs/dataset_configs/once_dataset.yaml
2026-09-29 18:26:28,826   INFO  ----------- MODEL -----------
2026-09-29 18:26:28,826   INFO  cfg.MODEL.NAME: SECONDNet
2026-09-29 18:26:28,826   INFO  ----------- VFE -----------
2026-09-29 18:26:28,826   INFO  cfg.MODEL.VFE.NAME: MeanVFE
2026-09-29 18:26:28,826   INFO  ----------- BACKBONE_3D -----------
2026-09-29 18:26:28,826   INFO  cfg.MODEL.BACKBONE_3D.NAME: VoxelBackBone8x_HWQAT
2026-09-29 18:26:28,826   INFO  ----------- MAP_TO_BEV -----------
2026-09-29 18:26:28,826   INFO  cfg.MODEL.MAP_TO_BEV.NAME: HeightCompression
2026-09-29 18:26:28,826   INFO  cfg.MODEL.MAP_TO_BEV.NUM_BEV_FEATURES: 256
2026-09-29 18:26:28,826   INFO  ----------- BACKBONE_2D -----------
2026-09-29 18:26:28,826   INFO  cfg.MODEL.BACKBONE_2D.NAME: BaseBEVBackbone
2026-09-29 18:26:28,826   INFO  cfg.MODEL.BACKBONE_2D.LAYER_NUMS: [5, 5]
2026-09-29 18:26:28,826   INFO  cfg.MODEL.BACKBONE_2D.LAYER_STRIDES: [1, 2]
2026-09-29 18:26:28,826   INFO  cfg.MODEL.BACKBONE_2D.NUM_FILTERS: [128, 256]
2026-09-29 18:26:28,826   INFO  cfg.MODEL.BACKBONE_2D.UPSAMPLE_STRIDES: [1, 2]
2026-09-29 18:26:28,826   INFO  cfg.MODEL.BACKBONE_2D.NUM_UPSAMPLE_FILTERS: [256, 256]
2026-09-29 18:26:28,826   INFO  ----------- DENSE_HEAD -----------
2026-09-29 18:26:28,826   INFO  cfg.MODEL.DENSE_HEAD.NAME: AnchorHeadSingle
2026-09-29 18:26:28,826   INFO  cfg.MODEL.DENSE_HEAD.CLASS_AGNOSTIC: False
2026-09-29 18:26:28,826   INFO  cfg.MODEL.DENSE_HEAD.USE_DIRECTION_CLASSIFIER: True
2026-09-29 18:26:28,826   INFO  cfg.MODEL.DENSE_HEAD.DIR_OFFSET: 0.78539
2026-09-29 18:26:28,826   INFO  cfg.MODEL.DENSE_HEAD.DIR_LIMIT_OFFSET: 0.0
2026-09-29 18:26:28,826   INFO  cfg.MODEL.DENSE_HEAD.NUM_DIR_BINS: 2
2026-09-29 18:26:28,826   INFO  cfg.MODEL.DENSE_HEAD.ANCHOR_GENERATOR_CONFIG: [{'class_name': 'Car', 'anchor_sizes': [[4.38, 1.87, 1.59]], 'anchor_rotations': [0, 1.57], 'anchor_bottom_heights': [-1.71], 'align_center': False, 'feature_map_stride': 8, 'matched_threshold': 0.6, 'unmatched_threshold': 0.45}, {'class_name': 'Bus', 'anchor_sizes': [[11.11, 2.88, 3.41]], 'anchor_rotations': [0, 1.57], 'anchor_bottom_heights': [-1.74], 'align_center': False, 'feature_map_stride': 8, 'matched_threshold': 0.55, 'unmatched_threshold': 0.4}, {'class_name': 'Truck', 'anchor_sizes': [[7.52, 2.5, 2.62]], 'anchor_rotations': [0, 1.57], 'anchor_bottom_heights': [-1.55], 'align_center': False, 'feature_map_stride': 8, 'matched_threshold': 0.55, 'unmatched_threshold': 0.4}, {'class_name': 'Pedestrian', 'anchor_sizes': [[0.75, 0.76, 1.69]], 'anchor_rotations': [0, 1.57], 'anchor_bottom_heights': [-1.62], 'align_center': False, 'feature_map_stride': 8, 'matched_threshold': 0.3, 'unmatched_threshold': 0.15}, {'class_name': 'Cyclist', 'anchor_sizes': [[2.18, 0.79, 1.43]], 'anchor_rotations': [0, 1.57], 'anchor_bottom_heights': [-1.65], 'align_center': False, 'feature_map_stride': 8, 'matched_threshold': 0.5, 'unmatched_threshold': 0.35}]
2026-09-29 18:26:28,826   INFO  ----------- TARGET_ASSIGNER_CONFIG -----------
2026-09-29 18:26:28,826   INFO  cfg.MODEL.DENSE_HEAD.TARGET_ASSIGNER_CONFIG.NAME: AxisAlignedTargetAssigner
2026-09-29 18:26:28,826   INFO  cfg.MODEL.DENSE_HEAD.TARGET_ASSIGNER_CONFIG.POS_FRACTION: -1.0
2026-09-29 18:26:28,826   INFO  cfg.MODEL.DENSE_HEAD.TARGET_ASSIGNER_CONFIG.SAMPLE_SIZE: 512
2026-09-29 18:26:28,826   INFO  cfg.MODEL.DENSE_HEAD.TARGET_ASSIGNER_CONFIG.NORM_BY_NUM_EXAMPLES: False
2026-09-29 18:26:28,827   INFO  cfg.MODEL.DENSE_HEAD.TARGET_ASSIGNER_CONFIG.MATCH_HEIGHT: False
2026-09-29 18:26:28,827   INFO  cfg.MODEL.DENSE_HEAD.TARGET_ASSIGNER_CONFIG.BOX_CODER: ResidualCoder
2026-09-29 18:26:28,827   INFO  ----------- LOSS_CONFIG -----------
2026-09-29 18:26:28,827   INFO  ----------- LOSS_WEIGHTS -----------
2026-09-29 18:26:28,827   INFO  cfg.MODEL.DENSE_HEAD.LOSS_CONFIG.LOSS_WEIGHTS.cls_weight: 1.0
2026-09-29 18:26:28,827   INFO  cfg.MODEL.DENSE_HEAD.LOSS_CONFIG.LOSS_WEIGHTS.loc_weight: 2.0
2026-09-29 18:26:28,827   INFO  cfg.MODEL.DENSE_HEAD.LOSS_CONFIG.LOSS_WEIGHTS.dir_weight: 0.2
2026-09-29 18:26:28,827   INFO  cfg.MODEL.DENSE_HEAD.LOSS_CONFIG.LOSS_WEIGHTS.code_weights: [1.0, 1.0, 1.0, 1.0, 1.0, 1.0, 1.0]
2026-09-29 18:26:28,827   INFO  ----------- POST_PROCESSING -----------
2026-09-29 18:26:28,827   INFO  cfg.MODEL.POST_PROCESSING.RECALL_THRESH_LIST: [0.3, 0.5, 0.7]
2026-09-29 18:26:28,827   INFO  cfg.MODEL.POST_PROCESSING.SCORE_THRESH: 0.1
2026-09-29 18:26:28,827   INFO  cfg.MODEL.POST_PROCESSING.OUTPUT_RAW_SCORE: False
2026-09-29 18:26:28,827   INFO  cfg.MODEL.POST_PROCESSING.EVAL_METRIC: once
2026-09-29 18:26:28,827   INFO  ----------- NMS_CONFIG -----------
2026-09-29 18:26:28,827   INFO  cfg.MODEL.POST_PROCESSING.NMS_CONFIG.MULTI_CLASSES_NMS: False
2026-09-29 18:26:28,827   INFO  cfg.MODEL.POST_PROCESSING.NMS_CONFIG.NMS_TYPE: nms_gpu
2026-09-29 18:26:28,827   INFO  cfg.MODEL.POST_PROCESSING.NMS_CONFIG.NMS_THRESH: 0.01
2026-09-29 18:26:28,827   INFO  cfg.MODEL.POST_PROCESSING.NMS_CONFIG.NMS_PRE_MAXSIZE: 4096
2026-09-29 18:26:28,827   INFO  cfg.MODEL.POST_PROCESSING.NMS_CONFIG.NMS_POST_MAXSIZE: 500
2026-09-29 18:26:28,827   INFO  ----------- OPTIMIZATION -----------
2026-09-29 18:26:28,827   INFO  cfg.OPTIMIZATION.BATCH_SIZE_PER_GPU: 4
2026-09-29 18:26:28,827   INFO  cfg.OPTIMIZATION.NUM_EPOCHS: 10
2026-09-29 18:26:28,827   INFO  cfg.OPTIMIZATION.OPTIMIZER: adam_onecycle
2026-09-29 18:26:28,827   INFO  cfg.OPTIMIZATION.LR: 0.0001
2026-09-29 18:26:28,827   INFO  cfg.OPTIMIZATION.WEIGHT_DECAY: 0.01
2026-09-29 18:26:28,827   INFO  cfg.OPTIMIZATION.MOMENTUM: 0.9
2026-09-29 18:26:28,827   INFO  cfg.OPTIMIZATION.MOMS: [0.95, 0.85]
2026-09-29 18:26:28,827   INFO  cfg.OPTIMIZATION.PCT_START: 0.4
2026-09-29 18:26:28,827   INFO  cfg.OPTIMIZATION.DIV_FACTOR: 10
2026-09-29 18:26:28,827   INFO  cfg.OPTIMIZATION.DECAY_STEP_LIST: [35, 45]
2026-09-29 18:26:28,827   INFO  cfg.OPTIMIZATION.LR_DECAY: 0.1
2026-09-29 18:26:28,827   INFO  cfg.OPTIMIZATION.LR_CLIP: 1e-07
2026-09-29 18:26:28,827   INFO  cfg.OPTIMIZATION.LR_WARMUP: False
2026-09-29 18:26:28,827   INFO  cfg.OPTIMIZATION.WARMUP_EPOCH: 1
2026-09-29 18:26:28,827   INFO  cfg.OPTIMIZATION.GRAD_NORM_CLIP: 10
2026-09-29 18:26:28,827   INFO  cfg.TAG: second_hw_qat
2026-09-29 18:26:28,827   INFO  cfg.EXP_GROUP_PATH: once_models
2026-09-29 18:26:28,837   INFO  ----------- Create dataloader & network & optimizer -----------
2026-09-29 18:26:29,650   INFO  Database filter by min points Car: 98140 => 97612
2026-09-29 18:26:29,651   INFO  Database filter by min points Bus: 2263 => 2263
2026-09-29 18:26:29,652   INFO  Database filter by min points Truck: 5048 => 5046
2026-09-29 18:26:29,654   INFO  Database filter by min points Pedestrian: 14320 => 14128
2026-09-29 18:26:29,659   INFO  Database filter by min points Cyclist: 31386 => 31121
2026-09-29 18:26:29,662   INFO  Loading ONCE dataset
2026-09-29 18:26:30,456   INFO  Total samples for ONCE dataset: 4961
2026-09-29 18:26:30,891   INFO  ==> Loading parameters from checkpoint ../output/once_models/second/ep40/ckpt/checkpoint_epoch_40.pth to GPU
2026-09-29 18:26:31,249   INFO  ==> Checkpoint trained from version: pcdet+0.6.0+233f849+py0634711
2026-09-29 18:26:31,253   INFO  Not updated weight backbone_3d._hw_act_scale_input: torch.Size([])
2026-09-29 18:26:31,253   INFO  Not updated weight backbone_3d._hw_act_seen_input: torch.Size([])
2026-09-29 18:26:31,253   INFO  Not updated weight backbone_3d._hw_act_scale_l00_conv_input: torch.Size([])
2026-09-29 18:26:31,253   INFO  Not updated weight backbone_3d._hw_act_seen_l00_conv_input: torch.Size([])
2026-09-29 18:26:31,254   INFO  Not updated weight backbone_3d._hw_act_scale_l01_conv1: torch.Size([])
2026-09-29 18:26:31,254   INFO  Not updated weight backbone_3d._hw_act_seen_l01_conv1: torch.Size([])
2026-09-29 18:26:31,254   INFO  Not updated weight backbone_3d._hw_act_scale_l02_conv2_0: torch.Size([])
2026-09-29 18:26:31,254   INFO  Not updated weight backbone_3d._hw_act_seen_l02_conv2_0: torch.Size([])
2026-09-29 18:26:31,254   INFO  Not updated weight backbone_3d._hw_act_scale_l03_conv2_1: torch.Size([])
2026-09-29 18:26:31,254   INFO  Not updated weight backbone_3d._hw_act_seen_l03_conv2_1: torch.Size([])
2026-09-29 18:26:31,254   INFO  Not updated weight backbone_3d._hw_act_scale_l04_conv2_2: torch.Size([])
2026-09-29 18:26:31,254   INFO  Not updated weight backbone_3d._hw_act_seen_l04_conv2_2: torch.Size([])
2026-09-29 18:26:31,254   INFO  Not updated weight backbone_3d._hw_act_scale_l05_conv3_0: torch.Size([])
2026-09-29 18:26:31,254   INFO  Not updated weight backbone_3d._hw_act_seen_l05_conv3_0: torch.Size([])
2026-09-29 18:26:31,254   INFO  Not updated weight backbone_3d._hw_act_scale_l06_conv3_1: torch.Size([])
2026-09-29 18:26:31,254   INFO  Not updated weight backbone_3d._hw_act_seen_l06_conv3_1: torch.Size([])
2026-09-29 18:26:31,254   INFO  Not updated weight backbone_3d._hw_act_scale_l07_conv3_2: torch.Size([])
2026-09-29 18:26:31,254   INFO  Not updated weight backbone_3d._hw_act_seen_l07_conv3_2: torch.Size([])
2026-09-29 18:26:31,254   INFO  Not updated weight backbone_3d._hw_act_scale_l08_conv4_0: torch.Size([])
2026-09-29 18:26:31,254   INFO  Not updated weight backbone_3d._hw_act_seen_l08_conv4_0: torch.Size([])
2026-09-29 18:26:31,254   INFO  Not updated weight backbone_3d._hw_act_scale_l09_conv4_1: torch.Size([])
2026-09-29 18:26:31,254   INFO  Not updated weight backbone_3d._hw_act_seen_l09_conv4_1: torch.Size([])
2026-09-29 18:26:31,254   INFO  Not updated weight backbone_3d._hw_act_scale_l10_conv4_2: torch.Size([])
2026-09-29 18:26:31,254   INFO  Not updated weight backbone_3d._hw_act_seen_l10_conv4_2: torch.Size([])
2026-09-29 18:26:31,254   INFO  Not updated weight backbone_3d._hw_act_scale_l11_conv_out: torch.Size([])
2026-09-29 18:26:31,254   INFO  Not updated weight backbone_3d._hw_act_seen_l11_conv_out: torch.Size([])
2026-09-29 18:26:31,254   INFO  ==> Done (loaded 163/189)
2026-09-29 18:26:31,256   INFO  HW-QAT backbone setup:
2026-09-29 18:26:31,256   INFO    enabled: True
2026-09-29 18:26:31,256   INFO    activation_quant: signed_symmetric
2026-09-29 18:26:31,256   INFO    weight_quant: per_channel
2026-09-29 18:26:31,256   INFO    observer: max
2026-09-29 18:26:31,256   INFO    observer_momentum: 0.950000
2026-09-29 18:26:31,256   INFO    freeze_observer_epoch metadata: -1
2026-09-29 18:26:31,256   INFO  ----------- Model SECONDNet created, param count: 5360460 -----------
2026-09-29 18:26:31,256   INFO  SECONDNet(
  (vfe): MeanVFE()
  (backbone_3d): VoxelBackBone8x_HWQAT(
    (conv_input): SparseSequential(
      (0): SubMConv3d(4, 16, kernel_size=[3, 3, 3], stride=[1, 1, 1], padding=[1, 1, 1], dilation=[1, 1, 1], output_padding=[0, 0, 0], bias=False, algo=ConvAlgo.MaskImplicitGemm)
      (1): BatchNorm1d(16, eps=0.001, momentum=0.01, affine=True, track_running_stats=True)
      (2): ReLU()
    )
    (conv1): SparseSequential(
      (0): SparseSequential(
        (0): SubMConv3d(16, 16, kernel_size=[3, 3, 3], stride=[1, 1, 1], padding=[0, 0, 0], dilation=[1, 1, 1], output_padding=[0, 0, 0], bias=False, algo=ConvAlgo.MaskImplicitGemm)
        (1): BatchNorm1d(16, eps=0.001, momentum=0.01, affine=True, track_running_stats=True)
        (2): ReLU()
      )
    )
    (conv2): SparseSequential(
      (0): SparseSequential(
        (0): SparseConv3d(16, 32, kernel_size=[3, 3, 3], stride=[2, 2, 2], padding=[1, 1, 1], dilation=[1, 1, 1], output_padding=[0, 0, 0], bias=False, algo=ConvAlgo.MaskImplicitGemm)
        (1): BatchNorm1d(32, eps=0.001, momentum=0.01, affine=True, track_running_stats=True)
        (2): ReLU()
      )
      (1): SparseSequential(
        (0): SubMConv3d(32, 32, kernel_size=[3, 3, 3], stride=[1, 1, 1], padding=[0, 0, 0], dilation=[1, 1, 1], output_padding=[0, 0, 0], bias=False, algo=ConvAlgo.MaskImplicitGemm)
        (1): BatchNorm1d(32, eps=0.001, momentum=0.01, affine=True, track_running_stats=True)
        (2): ReLU()
      )
      (2): SparseSequential(
        (0): SubMConv3d(32, 32, kernel_size=[3, 3, 3], stride=[1, 1, 1], padding=[0, 0, 0], dilation=[1, 1, 1], output_padding=[0, 0, 0], bias=False, algo=ConvAlgo.MaskImplicitGemm)
        (1): BatchNorm1d(32, eps=0.001, momentum=0.01, affine=True, track_running_stats=True)
        (2): ReLU()
      )
    )
    (conv3): SparseSequential(
      (0): SparseSequential(
        (0): SparseConv3d(32, 64, kernel_size=[3, 3, 3], stride=[2, 2, 2], padding=[1, 1, 1], dilation=[1, 1, 1], output_padding=[0, 0, 0], bias=False, algo=ConvAlgo.MaskImplicitGemm)
        (1): BatchNorm1d(64, eps=0.001, momentum=0.01, affine=True, track_running_stats=True)
        (2): ReLU()
      )
      (1): SparseSequential(
        (0): SubMConv3d(64, 64, kernel_size=[3, 3, 3], stride=[1, 1, 1], padding=[0, 0, 0], dilation=[1, 1, 1], output_padding=[0, 0, 0], bias=False, algo=ConvAlgo.MaskImplicitGemm)
        (1): BatchNorm1d(64, eps=0.001, momentum=0.01, affine=True, track_running_stats=True)
        (2): ReLU()
      )
      (2): SparseSequential(
        (0): SubMConv3d(64, 64, kernel_size=[3, 3, 3], stride=[1, 1, 1], padding=[0, 0, 0], dilation=[1, 1, 1], output_padding=[0, 0, 0], bias=False, algo=ConvAlgo.MaskImplicitGemm)
        (1): BatchNorm1d(64, eps=0.001, momentum=0.01, affine=True, track_running_stats=True)
        (2): ReLU()
      )
    )
    (conv4): SparseSequential(
      (0): SparseSequential(
        (0): SparseConv3d(64, 64, kernel_size=[3, 3, 3], stride=[2, 2, 2], padding=[0, 1, 1], dilation=[1, 1, 1], output_padding=[0, 0, 0], bias=False, algo=ConvAlgo.MaskImplicitGemm)
        (1): BatchNorm1d(64, eps=0.001, momentum=0.01, affine=True, track_running_stats=True)
        (2): ReLU()
      )
      (1): SparseSequential(
        (0): SubMConv3d(64, 64, kernel_size=[3, 3, 3], stride=[1, 1, 1], padding=[0, 0, 0], dilation=[1, 1, 1], output_padding=[0, 0, 0], bias=False, algo=ConvAlgo.MaskImplicitGemm)
        (1): BatchNorm1d(64, eps=0.001, momentum=0.01, affine=True, track_running_stats=True)
        (2): ReLU()
      )
      (2): SparseSequential(
        (0): SubMConv3d(64, 64, kernel_size=[3, 3, 3], stride=[1, 1, 1], padding=[0, 0, 0], dilation=[1, 1, 1], output_padding=[0, 0, 0], bias=False, algo=ConvAlgo.MaskImplicitGemm)
        (1): BatchNorm1d(64, eps=0.001, momentum=0.01, affine=True, track_running_stats=True)
        (2): ReLU()
      )
    )
    (conv_out): SparseSequential(
      (0): SparseConv3d(64, 128, kernel_size=[3, 1, 1], stride=[2, 1, 1], padding=[0, 0, 0], dilation=[1, 1, 1], output_padding=[0, 0, 0], bias=False, algo=ConvAlgo.MaskImplicitGemm)
      (1): BatchNorm1d(128, eps=0.001, momentum=0.01, affine=True, track_running_stats=True)
      (2): ReLU()
    )
  )
  (map_to_bev_module): HeightCompression()
  (pfe): None
  (backbone_2d): BaseBEVBackbone(
    (blocks): ModuleList(
      (0): Sequential(
        (0): ZeroPad2d((1, 1, 1, 1))
        (1): Conv2d(256, 128, kernel_size=(3, 3), stride=(1, 1), bias=False)
        (2): BatchNorm2d(128, eps=0.001, momentum=0.01, affine=True, track_running_stats=True)
        (3): ReLU()
        (4): Conv2d(128, 128, kernel_size=(3, 3), stride=(1, 1), padding=(1, 1), bias=False)
        (5): BatchNorm2d(128, eps=0.001, momentum=0.01, affine=True, track_running_stats=True)
        (6): ReLU()
        (7): Conv2d(128, 128, kernel_size=(3, 3), stride=(1, 1), padding=(1, 1), bias=False)
        (8): BatchNorm2d(128, eps=0.001, momentum=0.01, affine=True, track_running_stats=True)
        (9): ReLU()
        (10): Conv2d(128, 128, kernel_size=(3, 3), stride=(1, 1), padding=(1, 1), bias=False)
        (11): BatchNorm2d(128, eps=0.001, momentum=0.01, affine=True, track_running_stats=True)
        (12): ReLU()
        (13): Conv2d(128, 128, kernel_size=(3, 3), stride=(1, 1), padding=(1, 1), bias=False)
        (14): BatchNorm2d(128, eps=0.001, momentum=0.01, affine=True, track_running_stats=True)
        (15): ReLU()
        (16): Conv2d(128, 128, kernel_size=(3, 3), stride=(1, 1), padding=(1, 1), bias=False)
        (17): BatchNorm2d(128, eps=0.001, momentum=0.01, affine=True, track_running_stats=True)
        (18): ReLU()
      )
      (1): Sequential(
        (0): ZeroPad2d((1, 1, 1, 1))
        (1): Conv2d(128, 256, kernel_size=(3, 3), stride=(2, 2), bias=False)
        (2): BatchNorm2d(256, eps=0.001, momentum=0.01, affine=True, track_running_stats=True)
        (3): ReLU()
        (4): Conv2d(256, 256, kernel_size=(3, 3), stride=(1, 1), padding=(1, 1), bias=False)
        (5): BatchNorm2d(256, eps=0.001, momentum=0.01, affine=True, track_running_stats=True)
        (6): ReLU()
        (7): Conv2d(256, 256, kernel_size=(3, 3), stride=(1, 1), padding=(1, 1), bias=False)
        (8): BatchNorm2d(256, eps=0.001, momentum=0.01, affine=True, track_running_stats=True)
        (9): ReLU()
        (10): Conv2d(256, 256, kernel_size=(3, 3), stride=(1, 1), padding=(1, 1), bias=False)
        (11): BatchNorm2d(256, eps=0.001, momentum=0.01, affine=True, track_running_stats=True)
        (12): ReLU()
        (13): Conv2d(256, 256, kernel_size=(3, 3), stride=(1, 1), padding=(1, 1), bias=False)
        (14): BatchNorm2d(256, eps=0.001, momentum=0.01, affine=True, track_running_stats=True)
        (15): ReLU()
        (16): Conv2d(256, 256, kernel_size=(3, 3), stride=(1, 1), padding=(1, 1), bias=False)
        (17): BatchNorm2d(256, eps=0.001, momentum=0.01, affine=True, track_running_stats=True)
        (18): ReLU()
      )
    )
    (deblocks): ModuleList(
      (0): Sequential(
        (0): ConvTranspose2d(128, 256, kernel_size=(1, 1), stride=(1, 1), bias=False)
        (1): BatchNorm2d(256, eps=0.001, momentum=0.01, affine=True, track_running_stats=True)
        (2): ReLU()
      )
      (1): Sequential(
        (0): ConvTranspose2d(256, 256, kernel_size=(2, 2), stride=(2, 2), bias=False)
        (1): BatchNorm2d(256, eps=0.001, momentum=0.01, affine=True, track_running_stats=True)
        (2): ReLU()
      )
    )
  )
  (dense_head): AnchorHeadSingle(
    (cls_loss_func): SigmoidFocalClassificationLoss()
    (reg_loss_func): WeightedSmoothL1Loss()
    (dir_loss_func): WeightedCrossEntropyLoss()
    (conv_cls): Conv2d(512, 50, kernel_size=(1, 1), stride=(1, 1))
    (conv_box): Conv2d(512, 70, kernel_size=(1, 1), stride=(1, 1))
    (conv_dir_cls): Conv2d(512, 20, kernel_size=(1, 1), stride=(1, 1))
  )
  (point_head): None
  (roi_head): None
)
2026-09-29 18:26:31,257   INFO  **********************Start HW-QAT training once_models/second_hw_qat(hw_qat_10ep)**********************
2026-09-29 18:26:45,862   INFO  Train:    1/10 ( 10%) [   0/1241 (  0%)]  Loss: 0.3338 (0.334)  LR: 1.000e-05  Time cost: 00:14/4:55:52 [00:14/49:18:44]  Acc_iter 1           Data time: 3.03(3.03)  Forward time: 11.27(11.27)  Batch time: 14.30(14.30)
2026-09-29 18:26:56,832   INFO  Train:    1/10 ( 10%) [  49/1241 (  4%)]  Loss: 0.3553 (0.350)  LR: 1.002e-05  Time cost: 00:25/10:02 [00:25/1:44:08]  Acc_iter 50          Data time: 0.00(0.06)  Forward time: 0.20(0.44)  Batch time: 0.21(0.51)
2026-09-29 18:27:07,650   INFO  Train:    1/10 ( 10%) [  99/1241 (  8%)]  Loss: 0.3060 (0.358)  LR: 1.009e-05  Time cost: 00:36/06:52 [00:36/1:14:03]  Acc_iter 100         Data time: 0.00(0.03)  Forward time: 0.19(0.33)  Batch time: 0.20(0.36)
2026-09-29 18:27:18,362   INFO  Train:    1/10 ( 10%) [ 149/1241 ( 12%)]  Loss: 0.4169 (0.355)  LR: 1.020e-05  Time cost: 00:46/05:40 [00:47/1:03:45]  Acc_iter 150         Data time: 0.00(0.02)  Forward time: 0.19(0.29)  Batch time: 0.19(0.31)
2026-09-29 18:27:18,451   INFO  
2026-09-29 18:27:28,594   INFO  Train:    1/10 ( 10%) [ 199/1241 ( 16%)]  Loss: 0.3099 (0.352)  LR: 1.036e-05  Time cost: 00:57/04:57 [00:57/58:02]  Acc_iter 200         Data time: 0.00(0.02)  Forward time: 0.19(0.27)  Batch time: 0.19(0.29)
2026-09-29 18:27:38,615   INFO  Train:    1/10 ( 10%) [ 249/1241 ( 20%)]  Loss: 0.2279 (0.350)  LR: 1.056e-05  Time cost: 01:07/04:26 [01:07/54:21]  Acc_iter 250         Data time: 0.00(0.01)  Forward time: 0.20(0.25)  Batch time: 0.20(0.27)
2026-09-29 18:27:48,642   INFO  Train:    1/10 ( 10%) [ 299/1241 ( 24%)]  Loss: 0.3340 (0.350)  LR: 1.080e-05  Time cost: 01:17/04:02 [01:17/51:51]  Acc_iter 300         Data time: 0.00(0.01)  Forward time: 0.20(0.24)  Batch time: 0.20(0.26)
2026-09-29 18:27:48,731   INFO  
2026-09-29 18:27:58,737   INFO  Train:    1/10 ( 10%) [ 349/1241 ( 28%)]  Loss: 0.2108 (0.349)  LR: 1.109e-05  Time cost: 01:27/03:42 [01:27/50:04]  Acc_iter 350         Data time: 0.00(0.01)  Forward time: 0.19(0.24)  Batch time: 0.19(0.25)
2026-09-29 18:28:08,672   INFO  Train:    1/10 ( 10%) [ 399/1241 ( 32%)]  Loss: 0.2817 (0.349)  LR: 1.143e-05  Time cost: 01:37/03:24 [01:37/48:36]  Acc_iter 400         Data time: 0.00(0.01)  Forward time: 0.20(0.23)  Batch time: 0.20(0.24)
2026-09-29 18:28:18,851   INFO  Train:    1/10 ( 10%) [ 449/1241 ( 36%)]  Loss: 0.2971 (0.347)  LR: 1.180e-05  Time cost: 01:47/03:08 [01:47/47:31]  Acc_iter 450         Data time: 0.00(0.01)  Forward time: 0.19(0.23)  Batch time: 0.20(0.24)
2026-09-29 18:28:18,943   INFO  
2026-09-29 18:28:29,166   INFO  Train:    1/10 ( 10%) [ 499/1241 ( 40%)]  Loss: 0.3368 (0.349)  LR: 1.223e-05  Time cost: 01:57/02:54 [01:57/46:41]  Acc_iter 500         Data time: 0.00(0.01)  Forward time: 0.20(0.23)  Batch time: 0.20(0.24)
2026-09-29 18:28:39,432   INFO  Train:    1/10 ( 10%) [ 549/1241 ( 44%)]  Loss: 0.4422 (0.348)  LR: 1.269e-05  Time cost: 02:07/02:40 [02:08/45:57]  Acc_iter 550         Data time: 0.00(0.01)  Forward time: 0.19(0.22)  Batch time: 0.19(0.23)
2026-09-29 18:28:49,587   INFO  Train:    1/10 ( 10%) [ 599/1241 ( 48%)]  Loss: 0.2754 (0.349)  LR: 1.319e-05  Time cost: 02:18/02:27 [02:18/45:17]  Acc_iter 600         Data time: 0.00(0.01)  Forward time: 0.20(0.22)  Batch time: 0.20(0.23)
2026-09-29 18:28:49,680   INFO  
2026-09-29 18:28:59,849   INFO  Train:    1/10 ( 10%) [ 649/1241 ( 52%)]  Loss: 0.2787 (0.348)  LR: 1.374e-05  Time cost: 02:28/02:15 [02:28/44:43]  Acc_iter 650         Data time: 0.00(0.01)  Forward time: 0.20(0.22)  Batch time: 0.21(0.23)
2026-09-29 18:29:10,001   INFO  Train:    1/10 ( 10%) [ 699/1241 ( 56%)]  Loss: 0.2843 (0.348)  LR: 1.433e-05  Time cost: 02:38/02:02 [02:38/44:10]  Acc_iter 700         Data time: 0.00(0.01)  Forward time: 0.21(0.22)  Batch time: 0.21(0.23)
2026-09-29 18:29:20,355   INFO  Train:    1/10 ( 10%) [ 749/1241 ( 60%)]  Loss: 0.3254 (0.347)  LR: 1.496e-05  Time cost: 02:48/01:50 [02:49/43:44]  Acc_iter 750         Data time: 0.00(0.01)  Forward time: 0.20(0.22)  Batch time: 0.20(0.23)
2026-09-29 18:29:20,432   INFO  
2026-09-29 18:29:30,587   INFO  Train:    1/10 ( 10%) [ 799/1241 ( 64%)]  Loss: 0.3836 (0.346)  LR: 1.563e-05  Time cost: 02:59/01:38 [02:59/43:18]  Acc_iter 800         Data time: 0.00(0.01)  Forward time: 0.20(0.22)  Batch time: 0.20(0.22)
2026-09-29 18:29:40,787   INFO  Train:    1/10 ( 10%) [ 849/1241 ( 68%)]  Loss: 0.4621 (0.346)  LR: 1.634e-05  Time cost: 03:09/01:27 [03:09/42:53]  Acc_iter 850         Data time: 0.00(0.01)  Forward time: 0.21(0.22)  Batch time: 0.22(0.22)
2026-09-29 18:29:51,038   INFO  Train:    1/10 ( 10%) [ 899/1241 ( 72%)]  Loss: 0.3187 (0.347)  LR: 1.709e-05  Time cost: 03:19/01:15 [03:19/42:31]  Acc_iter 900         Data time: 0.00(0.01)  Forward time: 0.19(0.22)  Batch time: 0.19(0.22)
2026-09-29 18:29:51,120   INFO  
2026-09-29 18:30:01,399   INFO  Train:    1/10 ( 10%) [ 949/1241 ( 76%)]  Loss: 0.2914 (0.347)  LR: 1.788e-05  Time cost: 03:29/01:04 [03:30/42:11]  Acc_iter 950         Data time: 0.00(0.01)  Forward time: 0.20(0.22)  Batch time: 0.20(0.22)
2026-09-29 18:30:11,450   INFO  Train:    1/10 ( 10%) [ 999/1241 ( 80%)]  Loss: 0.3575 (0.349)  LR: 1.870e-05  Time cost: 03:39/00:53 [03:40/41:49]  Acc_iter 1000        Data time: 0.00(0.01)  Forward time: 0.20(0.21)  Batch time: 0.20(0.22)
2026-09-29 18:30:21,742   INFO  Train:    1/10 ( 10%) [1049/1241 ( 85%)]  Loss: 0.2447 (0.350)  LR: 1.956e-05  Time cost: 03:50/00:42 [03:50/41:30]  Acc_iter 1050        Data time: 0.00(0.01)  Forward time: 0.20(0.21)  Batch time: 0.20(0.22)
2026-09-29 18:30:21,818   INFO  
2026-09-29 18:30:32,117   INFO  Train:    1/10 ( 10%) [1099/1241 ( 89%)]  Loss: 0.3785 (0.350)  LR: 2.045e-05  Time cost: 04:00/00:31 [04:00/41:13]  Acc_iter 1100        Data time: 0.00(0.01)  Forward time: 0.21(0.21)  Batch time: 0.21(0.22)
2026-09-29 18:30:42,307   INFO  Train:    1/10 ( 10%) [1149/1241 ( 93%)]  Loss: 0.4380 (0.349)  LR: 2.138e-05  Time cost: 04:10/00:20 [04:11/40:55]  Acc_iter 1150        Data time: 0.00(0.01)  Forward time: 0.18(0.21)  Batch time: 0.18(0.22)
2026-09-29 18:30:52,779   INFO  Train:    1/10 ( 10%) [1199/1241 ( 97%)]  Loss: 0.2987 (0.349)  LR: 2.235e-05  Time cost: 04:21/00:09 [04:21/40:40]  Acc_iter 1200        Data time: 0.00(0.00)  Forward time: 0.20(0.21)  Batch time: 0.20(0.22)
2026-09-29 18:30:52,863   INFO  
2026-09-29 18:31:01,035   INFO  Train:    1/10 ( 10%) [1240/1241 (100%)]  Loss: 0.2294 (0.349)  LR: 2.316e-05  Time cost: 04:29/00:00 [04:29/40:25]  Acc_iter 1241        Data time: 0.00(0.00)  Forward time: 0.13(0.21)  Batch time: 0.13(0.22)
2026-09-29 18:31:02,502   INFO  Train:    2/10 ( 20%) [   0/1241 (  0%)]  Loss: 0.2775 (0.277)  LR: 2.318e-05  Time cost: 00:01/24:13 [04:31/3:37:59]  Acc_iter 1242        Data time: 0.76(0.76)  Forward time: 0.41(0.41)  Batch time: 1.17(1.17)
2026-09-29 18:31:04,226   INFO  Train:    2/10 ( 20%) [   8/1241 (  1%)]  Loss: 0.3871 (0.364)  LR: 2.334e-05  Time cost: 00:02/06:36 [04:32/59:49]  Acc_iter 1250        Data time: 0.00(0.09)  Forward time: 0.22(0.24)  Batch time: 0.23(0.32)
2026-09-29 18:31:14,438   INFO  Train:    2/10 ( 20%) [  58/1241 (  5%)]  Loss: 0.4010 (0.361)  LR: 2.437e-05  Time cost: 00:13/04:22 [04:43/41:08]  Acc_iter 1300        Data time: 0.00(0.01)  Forward time: 0.21(0.21)  Batch time: 0.21(0.22)
2026-09-29 18:31:24,774   INFO  Train:    2/10 ( 20%) [ 108/1241 (  9%)]  Loss: 0.2842 (0.355)  LR: 2.543e-05  Time cost: 00:23/04:03 [04:53/39:38]  Acc_iter 1350        Data time: 0.00(0.01)  Forward time: 0.21(0.21)  Batch time: 0.21(0.22)
2026-09-29 18:31:24,870   INFO  
2026-09-29 18:31:35,391   INFO  Train:    2/10 ( 20%) [ 158/1241 ( 13%)]  Loss: 0.2476 (0.352)  LR: 2.652e-05  Time cost: 00:34/03:51 [05:04/39:18]  Acc_iter 1400        Data time: 0.00(0.01)  Forward time: 0.20(0.21)  Batch time: 0.20(0.21)
2026-09-29 18:31:45,779   INFO  Train:    2/10 ( 20%) [ 208/1241 ( 17%)]  Loss: 0.3903 (0.352)  LR: 2.763e-05  Time cost: 00:44/03:39 [05:14/38:51]  Acc_iter 1450        Data time: 0.00(0.01)  Forward time: 0.21(0.21)  Batch time: 0.21(0.21)
2026-09-29 18:31:56,130   INFO  Train:    2/10 ( 20%) [ 258/1241 ( 21%)]  Loss: 0.3975 (0.350)  LR: 2.878e-05  Time cost: 00:54/03:27 [05:24/38:28]  Acc_iter 1500        Data time: 0.00(0.01)  Forward time: 0.21(0.21)  Batch time: 0.22(0.21)
2026-09-29 18:31:56,187   INFO  
2026-09-29 18:32:06,833   INFO  Train:    2/10 ( 20%) [ 308/1241 ( 25%)]  Loss: 0.3378 (0.349)  LR: 2.995e-05  Time cost: 01:05/03:17 [05:35/38:22]  Acc_iter 1550        Data time: 0.00(0.00)  Forward time: 0.23(0.21)  Batch time: 0.23(0.21)
2026-09-29 18:32:16,974   INFO  Train:    2/10 ( 20%) [ 358/1241 ( 29%)]  Loss: 0.4202 (0.348)  LR: 3.114e-05  Time cost: 01:15/03:06 [05:45/37:57]  Acc_iter 1600        Data time: 0.00(0.00)  Forward time: 0.20(0.21)  Batch time: 0.20(0.21)
2026-09-29 18:32:27,022   INFO  Train:    2/10 ( 20%) [ 408/1241 ( 33%)]  Loss: 0.2479 (0.346)  LR: 3.236e-05  Time cost: 01:25/02:54 [05:55/37:34]  Acc_iter 1650        Data time: 0.00(0.00)  Forward time: 0.20(0.21)  Batch time: 0.20(0.21)
2026-09-29 18:32:27,092   INFO  
2026-09-29 18:32:37,328   INFO  Train:    2/10 ( 20%) [ 458/1241 ( 37%)]  Loss: 0.2710 (0.345)  LR: 3.360e-05  Time cost: 01:35/02:43 [06:06/37:20]  Acc_iter 1700        Data time: 0.00(0.00)  Forward time: 0.21(0.21)  Batch time: 0.22(0.21)
2026-09-29 18:32:47,692   INFO  Train:    2/10 ( 20%) [ 508/1241 ( 41%)]  Loss: 0.2433 (0.349)  LR: 3.487e-05  Time cost: 01:46/02:33 [06:16/37:07]  Acc_iter 1750        Data time: 0.00(0.00)  Forward time: 0.21(0.21)  Batch time: 0.21(0.21)
2026-09-29 18:32:57,853   INFO  Train:    2/10 ( 20%) [ 558/1241 ( 45%)]  Loss: 0.3075 (0.348)  LR: 3.615e-05  Time cost: 01:56/02:22 [06:26/36:51]  Acc_iter 1800        Data time: 0.00(0.00)  Forward time: 0.21(0.20)  Batch time: 0.21(0.21)
2026-09-29 18:32:57,956   INFO  
2026-09-29 18:33:08,752   INFO  Train:    2/10 ( 20%) [ 608/1241 ( 49%)]  Loss: 0.4098 (0.349)  LR: 3.745e-05  Time cost: 02:07/02:12 [06:37/36:49]  Acc_iter 1850        Data time: 0.00(0.00)  Forward time: 0.22(0.21)  Batch time: 0.22(0.21)
2026-09-29 18:33:19,500   INFO  Train:    2/10 ( 20%) [ 658/1241 ( 53%)]  Loss: 0.2986 (0.350)  LR: 3.877e-05  Time cost: 02:18/02:02 [06:48/36:43]  Acc_iter 1900        Data time: 0.01(0.00)  Forward time: 0.21(0.21)  Batch time: 0.21(0.21)
2026-09-29 18:33:30,417   INFO  Train:    2/10 ( 20%) [ 708/1241 ( 57%)]  Loss: 0.3050 (0.349)  LR: 4.011e-05  Time cost: 02:29/01:52 [06:59/36:39]  Acc_iter 1950        Data time: 0.00(0.00)  Forward time: 0.20(0.21)  Batch time: 0.20(0.21)
2026-09-29 18:33:30,521   INFO  
2026-09-29 18:33:41,383   INFO  Train:    2/10 ( 20%) [ 758/1241 ( 61%)]  Loss: 0.3939 (0.349)  LR: 4.146e-05  Time cost: 02:40/01:41 [07:10/36:35]  Acc_iter 2000        Data time: 0.00(0.00)  Forward time: 0.19(0.21)  Batch time: 0.19(0.21)
2026-09-29 18:33:51,970   INFO  Train:    2/10 ( 20%) [ 808/1241 ( 65%)]  Loss: 0.3667 (0.349)  LR: 4.282e-05  Time cost: 02:50/01:31 [07:20/36:25]  Acc_iter 2050        Data time: 0.00(0.00)  Forward time: 0.21(0.21)  Batch time: 0.21(0.21)
2026-09-29 18:34:01,950   INFO  Train:    2/10 ( 20%) [ 858/1241 ( 69%)]  Loss: 0.2552 (0.352)  LR: 4.420e-05  Time cost: 03:00/01:20 [07:30/36:08]  Acc_iter 2100        Data time: 0.00(0.00)  Forward time: 0.20(0.21)  Batch time: 0.21(0.21)
2026-09-29 18:34:02,034   INFO  
2026-09-29 18:34:12,095   INFO  Train:    2/10 ( 20%) [ 908/1241 ( 73%)]  Loss: 0.2427 (0.352)  LR: 4.559e-05  Time cost: 03:10/01:09 [07:40/35:53]  Acc_iter 2150        Data time: 0.00(0.00)  Forward time: 0.19(0.21)  Batch time: 0.19(0.21)
2026-09-29 18:34:22,090   INFO  Train:    2/10 ( 20%) [ 958/1241 ( 77%)]  Loss: 0.2707 (0.352)  LR: 4.698e-05  Time cost: 03:20/00:59 [07:50/35:37]  Acc_iter 2200        Data time: 0.00(0.00)  Forward time: 0.19(0.21)  Batch time: 0.20(0.21)
2026-09-29 18:34:32,290   INFO  Train:    2/10 ( 20%) [1008/1241 ( 81%)]  Loss: 0.3289 (0.352)  LR: 4.839e-05  Time cost: 03:30/00:48 [08:01/35:24]  Acc_iter 2250        Data time: 0.00(0.00)  Forward time: 0.21(0.21)  Batch time: 0.21(0.21)
2026-09-29 18:34:32,401   INFO  
2026-09-29 18:34:43,083   INFO  Train:    2/10 ( 20%) [1058/1241 ( 85%)]  Loss: 0.2471 (0.351)  LR: 4.980e-05  Time cost: 03:41/00:38 [08:11/35:17]  Acc_iter 2300        Data time: 0.00(0.00)  Forward time: 0.19(0.21)  Batch time: 0.20(0.21)
2026-09-29 18:34:53,767   INFO  Train:    2/10 ( 20%) [1108/1241 ( 89%)]  Loss: 0.3957 (0.352)  LR: 5.122e-05  Time cost: 03:52/00:27 [08:22/35:08]  Acc_iter 2350        Data time: 0.00(0.00)  Forward time: 0.24(0.21)  Batch time: 0.24(0.21)
2026-09-29 18:35:04,110   INFO  Train:    2/10 ( 20%) [1158/1241 ( 93%)]  Loss: 0.3631 (0.352)  LR: 5.264e-05  Time cost: 04:02/00:17 [08:32/34:57]  Acc_iter 2400        Data time: 0.00(0.00)  Forward time: 0.20(0.21)  Batch time: 0.20(0.21)
2026-09-29 18:35:04,210   INFO  
2026-09-29 18:35:14,701   INFO  Train:    2/10 ( 20%) [1208/1241 ( 97%)]  Loss: 0.2889 (0.352)  LR: 5.406e-05  Time cost: 04:13/00:06 [08:43/34:47]  Acc_iter 2450        Data time: 0.00(0.00)  Forward time: 0.22(0.21)  Batch time: 0.22(0.21)
2026-09-29 18:35:20,955   INFO  Train:    2/10 ( 20%) [1240/1241 (100%)]  Loss: 0.2350 (0.352)  LR: 5.497e-05  Time cost: 04:19/00:00 [08:49/34:37]  Acc_iter 2482        Data time: 0.00(0.00)  Forward time: 0.07(0.21)  Batch time: 0.07(0.21)
2026-09-29 18:35:22,522   INFO  Train:    3/10 ( 30%) [   0/1241 (  0%)]  Loss: 0.2646 (0.265)  LR: 5.500e-05  Time cost: 00:01/23:49 [08:51/3:10:37]  Acc_iter 2483        Data time: 0.94(0.94)  Forward time: 0.21(0.21)  Batch time: 1.15(1.15)
2026-09-29 18:35:26,174   INFO  Train:    3/10 ( 30%) [  17/1241 (  1%)]  Loss: 0.2800 (0.359)  LR: 5.548e-05  Time cost: 00:04/05:26 [08:54/44:05]  Acc_iter 2500        Data time: 0.00(0.05)  Forward time: 0.22(0.21)  Batch time: 0.22(0.27)
2026-09-29 18:35:36,494   INFO  Train:    3/10 ( 30%) [  67/1241 (  5%)]  Loss: 0.2641 (0.328)  LR: 5.691e-05  Time cost: 00:15/04:21 [09:05/36:33]  Acc_iter 2550        Data time: 0.00(0.02)  Forward time: 0.19(0.21)  Batch time: 0.19(0.22)
2026-09-29 18:35:36,595   INFO  
2026-09-29 18:35:47,003   INFO  Train:    3/10 ( 30%) [ 117/1241 (  9%)]  Loss: 0.3189 (0.332)  LR: 5.833e-05  Time cost: 00:25/04:04 [09:15/35:31]  Acc_iter 2600        Data time: 0.00(0.01)  Forward time: 0.20(0.21)  Batch time: 0.20(0.22)
2026-09-29 18:35:57,198   INFO  Train:    3/10 ( 30%) [ 167/1241 ( 13%)]  Loss: 0.3121 (0.333)  LR: 5.975e-05  Time cost: 00:35/03:49 [09:25/34:41]  Acc_iter 2650        Data time: 0.00(0.01)  Forward time: 0.19(0.21)  Batch time: 0.19(0.21)
2026-09-29 18:36:07,635   INFO  Train:    3/10 ( 30%) [ 217/1241 ( 17%)]  Loss: 0.4161 (0.336)  LR: 6.116e-05  Time cost: 00:46/03:37 [09:36/34:20]  Acc_iter 2700        Data time: 0.00(0.01)  Forward time: 0.22(0.21)  Batch time: 0.22(0.21)
2026-09-29 18:36:07,707   INFO  
2026-09-29 18:36:17,657   INFO  Train:    3/10 ( 30%) [ 267/1241 ( 22%)]  Loss: 0.2954 (0.336)  LR: 6.257e-05  Time cost: 00:56/03:24 [09:46/33:49]  Acc_iter 2750        Data time: 0.00(0.01)  Forward time: 0.19(0.20)  Batch time: 0.19(0.21)
2026-09-29 18:36:27,846   INFO  Train:    3/10 ( 30%) [ 317/1241 ( 26%)]  Loss: 0.3893 (0.337)  LR: 6.397e-05  Time cost: 01:06/03:13 [09:56/33:29]  Acc_iter 2800        Data time: 0.00(0.01)  Forward time: 0.21(0.20)  Batch time: 0.21(0.21)
2026-09-29 18:36:38,030   INFO  Train:    3/10 ( 30%) [ 367/1241 ( 30%)]  Loss: 0.4394 (0.342)  LR: 6.536e-05  Time cost: 01:16/03:02 [10:06/33:11]  Acc_iter 2850        Data time: 0.00(0.00)  Forward time: 0.21(0.20)  Batch time: 0.21(0.21)
2026-09-29 18:36:38,145   INFO  
2026-09-29 18:36:48,381   INFO  Train:    3/10 ( 30%) [ 417/1241 ( 34%)]  Loss: 0.3221 (0.348)  LR: 6.674e-05  Time cost: 01:27/02:51 [10:17/32:59]  Acc_iter 2900        Data time: 0.00(0.00)  Forward time: 0.18(0.20)  Batch time: 0.18(0.21)
2026-09-29 18:36:58,459   INFO  Train:    3/10 ( 30%) [ 467/1241 ( 38%)]  Loss: 0.4004 (0.350)  LR: 6.811e-05  Time cost: 01:37/02:40 [10:27/32:42]  Acc_iter 2950        Data time: 0.00(0.00)  Forward time: 0.21(0.20)  Batch time: 0.22(0.21)
2026-09-29 18:37:08,883   INFO  Train:    3/10 ( 30%) [ 517/1241 ( 42%)]  Loss: 0.2751 (0.351)  LR: 6.946e-05  Time cost: 01:47/02:30 [10:37/32:33]  Acc_iter 3000        Data time: 0.00(0.00)  Forward time: 0.20(0.20)  Batch time: 0.20(0.21)
2026-09-29 18:37:08,952   INFO  
2026-09-29 18:37:19,091   INFO  Train:    3/10 ( 30%) [ 567/1241 ( 46%)]  Loss: 0.3651 (0.350)  LR: 7.080e-05  Time cost: 01:57/02:19 [10:47/32:20]  Acc_iter 3050        Data time: 0.00(0.00)  Forward time: 0.20(0.20)  Batch time: 0.20(0.21)
2026-09-29 18:37:29,273   INFO  Train:    3/10 ( 30%) [ 617/1241 ( 50%)]  Loss: 0.2343 (0.350)  LR: 7.213e-05  Time cost: 02:07/02:09 [10:58/32:07]  Acc_iter 3100        Data time: 0.00(0.00)  Forward time: 0.20(0.20)  Batch time: 0.20(0.21)
2026-09-29 18:37:39,644   INFO  Train:    3/10 ( 30%) [ 667/1241 ( 54%)]  Loss: 0.4240 (0.351)  LR: 7.344e-05  Time cost: 02:18/01:58 [11:08/31:56]  Acc_iter 3150        Data time: 0.00(0.00)  Forward time: 0.19(0.20)  Batch time: 0.19(0.21)
2026-09-29 18:37:39,751   INFO  
2026-09-29 18:37:49,971   INFO  Train:    3/10 ( 30%) [ 717/1241 ( 58%)]  Loss: 0.3888 (0.351)  LR: 7.473e-05  Time cost: 02:28/01:48 [11:18/31:46]  Acc_iter 3200        Data time: 0.00(0.00)  Forward time: 0.19(0.20)  Batch time: 0.20(0.21)
2026-09-29 18:38:00,283   INFO  Train:    3/10 ( 30%) [ 767/1241 ( 62%)]  Loss: 0.1940 (0.350)  LR: 7.600e-05  Time cost: 02:38/01:38 [11:29/31:35]  Acc_iter 3250        Data time: 0.00(0.00)  Forward time: 0.19(0.20)  Batch time: 0.19(0.21)
2026-09-29 18:38:10,599   INFO  Train:    3/10 ( 30%) [ 817/1241 ( 66%)]  Loss: 0.2764 (0.350)  LR: 7.724e-05  Time cost: 02:49/01:27 [11:39/31:24]  Acc_iter 3300        Data time: 0.00(0.00)  Forward time: 0.19(0.20)  Batch time: 0.19(0.21)
2026-09-29 18:38:10,692   INFO  
2026-09-29 18:38:20,980   INFO  Train:    3/10 ( 30%) [ 867/1241 ( 70%)]  Loss: 0.3844 (0.350)  LR: 7.847e-05  Time cost: 02:59/01:17 [11:49/31:14]  Acc_iter 3350        Data time: 0.00(0.00)  Forward time: 0.20(0.20)  Batch time: 0.20(0.21)
2026-09-29 18:38:31,127   INFO  Train:    3/10 ( 30%) [ 917/1241 ( 74%)]  Loss: 0.2440 (0.350)  LR: 7.967e-05  Time cost: 03:09/01:06 [11:59/31:02]  Acc_iter 3400        Data time: 0.00(0.00)  Forward time: 0.21(0.20)  Batch time: 0.21(0.21)
2026-09-29 18:38:41,376   INFO  Train:    3/10 ( 30%) [ 967/1241 ( 78%)]  Loss: 0.3519 (0.349)  LR: 8.085e-05  Time cost: 03:20/00:56 [12:10/30:51]  Acc_iter 3450        Data time: 0.00(0.00)  Forward time: 0.19(0.20)  Batch time: 0.20(0.21)
2026-09-29 18:38:41,439   INFO  
2026-09-29 18:38:51,570   INFO  Train:    3/10 ( 30%) [1017/1241 ( 82%)]  Loss: 0.3836 (0.349)  LR: 8.200e-05  Time cost: 03:30/00:46 [12:20/30:39]  Acc_iter 3500        Data time: 0.00(0.00)  Forward time: 0.21(0.20)  Batch time: 0.21(0.21)
2026-09-29 18:39:02,070   INFO  Train:    3/10 ( 30%) [1067/1241 ( 86%)]  Loss: 0.4019 (0.349)  LR: 8.313e-05  Time cost: 03:40/00:35 [12:30/30:31]  Acc_iter 3550        Data time: 0.00(0.00)  Forward time: 0.21(0.20)  Batch time: 0.22(0.21)
2026-09-29 18:39:12,734   INFO  Train:    3/10 ( 30%) [1117/1241 ( 90%)]  Loss: 0.2584 (0.349)  LR: 8.423e-05  Time cost: 03:51/00:25 [12:41/30:23]  Acc_iter 3600        Data time: 0.00(0.00)  Forward time: 0.18(0.20)  Batch time: 0.18(0.21)
2026-09-29 18:39:12,846   INFO  
2026-09-29 18:39:23,555   INFO  Train:    3/10 ( 30%) [1167/1241 ( 94%)]  Loss: 0.3841 (0.348)  LR: 8.530e-05  Time cost: 04:02/00:15 [12:52/30:16]  Acc_iter 3650        Data time: 0.00(0.00)  Forward time: 0.22(0.20)  Batch time: 0.22(0.21)
2026-09-29 18:39:34,789   INFO  Train:    3/10 ( 30%) [1217/1241 ( 98%)]  Loss: 0.3209 (0.348)  LR: 8.633e-05  Time cost: 04:13/00:04 [13:03/30:12]  Acc_iter 3700        Data time: 0.00(0.00)  Forward time: 0.22(0.20)  Batch time: 0.22(0.21)
2026-09-29 18:39:39,409   INFO  Train:    3/10 ( 30%) [1240/1241 (100%)]  Loss: 0.3098 (0.348)  LR: 8.680e-05  Time cost: 04:18/00:00 [13:08/30:06]  Acc_iter 3723        Data time: 0.00(0.00)  Forward time: 0.06(0.20)  Batch time: 0.06(0.21)
2026-09-29 18:39:40,872   INFO  Train:    4/10 ( 40%) [   0/1241 (  0%)]  Loss: 0.3249 (0.325)  LR: 8.682e-05  Time cost: 00:01/23:31 [13:09/2:44:37]  Acc_iter 3724        Data time: 0.88(0.88)  Forward time: 0.25(0.25)  Batch time: 1.14(1.14)
2026-09-29 18:39:46,615   INFO  Train:    4/10 ( 40%) [  26/1241 (  2%)]  Loss: 0.4001 (0.370)  LR: 8.734e-05  Time cost: 00:06/05:09 [13:15/36:47]  Acc_iter 3750        Data time: 0.00(0.03)  Forward time: 0.23(0.22)  Batch time: 0.23(0.25)
2026-09-29 18:39:46,716   INFO  
2026-09-29 18:39:57,203   INFO  Train:    4/10 ( 40%) [  76/1241 (  6%)]  Loss: 0.3211 (0.363)  LR: 8.831e-05  Time cost: 00:17/04:24 [13:25/32:33]  Acc_iter 3800        Data time: 0.00(0.01)  Forward time: 0.20(0.21)  Batch time: 0.20(0.23)
2026-09-29 18:40:07,649   INFO  Train:    4/10 ( 40%) [ 126/1241 ( 10%)]  Loss: 0.3705 (0.357)  LR: 8.925e-05  Time cost: 00:27/04:05 [13:36/31:21]  Acc_iter 3850        Data time: 0.00(0.01)  Forward time: 0.22(0.21)  Batch time: 0.23(0.22)
2026-09-29 18:40:18,430   INFO  Train:    4/10 ( 40%) [ 176/1241 ( 14%)]  Loss: 0.2617 (0.355)  LR: 9.016e-05  Time cost: 00:38/03:52 [13:47/31:00]  Acc_iter 3900        Data time: 0.00(0.01)  Forward time: 0.22(0.21)  Batch time: 0.23(0.22)
2026-09-29 18:40:18,509   INFO  
2026-09-29 18:40:28,813   INFO  Train:    4/10 ( 40%) [ 226/1241 ( 18%)]  Loss: 0.2844 (0.357)  LR: 9.103e-05  Time cost: 00:49/03:39 [13:57/30:29]  Acc_iter 3950        Data time: 0.00(0.01)  Forward time: 0.18(0.21)  Batch time: 0.19(0.22)
2026-09-29 18:40:39,029   INFO  Train:    4/10 ( 40%) [ 276/1241 ( 22%)]  Loss: 0.3111 (0.354)  LR: 9.187e-05  Time cost: 00:59/03:26 [14:07/30:00]  Acc_iter 4000        Data time: 0.00(0.01)  Forward time: 0.21(0.21)  Batch time: 0.21(0.21)
2026-09-29 18:40:49,569   INFO  Train:    4/10 ( 40%) [ 326/1241 ( 26%)]  Loss: 0.3384 (0.353)  LR: 9.266e-05  Time cost: 01:09/03:15 [14:18/29:45]  Acc_iter 4050        Data time: 0.00(0.01)  Forward time: 0.20(0.21)  Batch time: 0.20(0.21)
2026-09-29 18:40:49,654   INFO  
2026-09-29 18:41:00,061   INFO  Train:    4/10 ( 40%) [ 376/1241 ( 30%)]  Loss: 0.3264 (0.352)  LR: 9.342e-05  Time cost: 01:20/03:04 [14:28/29:30]  Acc_iter 4100        Data time: 0.00(0.00)  Forward time: 0.22(0.21)  Batch time: 0.22(0.21)
2026-09-29 18:41:10,945   INFO  Train:    4/10 ( 40%) [ 426/1241 ( 34%)]  Loss: 0.3560 (0.352)  LR: 9.415e-05  Time cost: 01:31/02:54 [14:39/29:24]  Acc_iter 4150        Data time: 0.00(0.00)  Forward time: 0.19(0.21)  Batch time: 0.19(0.21)
2026-09-29 18:41:21,635   INFO  Train:    4/10 ( 40%) [ 476/1241 ( 38%)]  Loss: 0.2861 (0.353)  LR: 9.483e-05  Time cost: 01:41/02:43 [14:50/29:14]  Acc_iter 4200        Data time: 0.00(0.00)  Forward time: 0.20(0.21)  Batch time: 0.20(0.21)
2026-09-29 18:41:21,753   INFO  
2026-09-29 18:41:32,554   INFO  Train:    4/10 ( 40%) [ 526/1241 ( 42%)]  Loss: 0.3965 (0.353)  LR: 9.547e-05  Time cost: 01:52/02:33 [15:01/29:07]  Acc_iter 4250        Data time: 0.00(0.00)  Forward time: 0.21(0.21)  Batch time: 0.21(0.21)
2026-09-29 18:41:42,548   INFO  Train:    4/10 ( 40%) [ 576/1241 ( 46%)]  Loss: 0.3176 (0.356)  LR: 9.607e-05  Time cost: 02:02/02:21 [15:11/28:46]  Acc_iter 4300        Data time: 0.00(0.00)  Forward time: 0.22(0.21)  Batch time: 0.22(0.21)
2026-09-29 18:41:52,831   INFO  Train:    4/10 ( 40%) [ 626/1241 ( 50%)]  Loss: 0.3434 (0.355)  LR: 9.663e-05  Time cost: 02:13/02:10 [15:21/28:31]  Acc_iter 4350        Data time: 0.00(0.00)  Forward time: 0.20(0.21)  Batch time: 0.20(0.21)
2026-09-29 18:41:52,897   INFO  
2026-09-29 18:42:03,361   INFO  Train:    4/10 ( 40%) [ 676/1241 ( 54%)]  Loss: 0.2751 (0.356)  LR: 9.715e-05  Time cost: 02:23/01:59 [15:32/28:19]  Acc_iter 4400        Data time: 0.00(0.00)  Forward time: 0.24(0.21)  Batch time: 0.24(0.21)
2026-09-29 18:42:13,733   INFO  Train:    4/10 ( 40%) [ 726/1241 ( 59%)]  Loss: 0.3615 (0.355)  LR: 9.763e-05  Time cost: 02:33/01:49 [15:42/28:06]  Acc_iter 4450        Data time: 0.00(0.00)  Forward time: 0.19(0.21)  Batch time: 0.19(0.21)
2026-09-29 18:42:24,315   INFO  Train:    4/10 ( 40%) [ 776/1241 ( 63%)]  Loss: 0.5762 (0.355)  LR: 9.807e-05  Time cost: 02:44/01:38 [15:53/27:55]  Acc_iter 4500        Data time: 0.00(0.00)  Forward time: 0.20(0.21)  Batch time: 0.20(0.21)
2026-09-29 18:42:24,397   INFO  
2026-09-29 18:42:34,658   INFO  Train:    4/10 ( 40%) [ 826/1241 ( 67%)]  Loss: 0.3011 (0.354)  LR: 9.846e-05  Time cost: 02:54/01:27 [16:03/27:42]  Acc_iter 4550        Data time: 0.00(0.00)  Forward time: 0.21(0.21)  Batch time: 0.22(0.21)
2026-09-29 18:42:45,492   INFO  Train:    4/10 ( 40%) [ 876/1241 ( 71%)]  Loss: 0.3182 (0.353)  LR: 9.880e-05  Time cost: 03:05/01:17 [16:14/27:34]  Acc_iter 4600        Data time: 0.00(0.00)  Forward time: 0.20(0.21)  Batch time: 0.20(0.21)
2026-09-29 18:42:55,885   INFO  Train:    4/10 ( 40%) [ 926/1241 ( 75%)]  Loss: 0.4896 (0.352)  LR: 9.911e-05  Time cost: 03:16/01:06 [16:24/27:22]  Acc_iter 4650        Data time: 0.00(0.00)  Forward time: 0.22(0.21)  Batch time: 0.22(0.21)
2026-09-29 18:42:55,947   INFO  
2026-09-29 18:43:06,638   INFO  Train:    4/10 ( 40%) [ 976/1241 ( 79%)]  Loss: 0.2710 (0.352)  LR: 9.937e-05  Time cost: 03:26/00:56 [16:35/27:12]  Acc_iter 4700        Data time: 0.00(0.00)  Forward time: 0.18(0.21)  Batch time: 0.18(0.21)
2026-09-29 18:43:17,055   INFO  Train:    4/10 ( 40%) [1026/1241 ( 83%)]  Loss: 0.4106 (0.351)  LR: 9.958e-05  Time cost: 03:37/00:45 [16:45/27:01]  Acc_iter 4750        Data time: 0.00(0.00)  Forward time: 0.24(0.21)  Batch time: 0.24(0.21)
2026-09-29 18:43:27,832   INFO  Train:    4/10 ( 40%) [1076/1241 ( 87%)]  Loss: 0.3751 (0.351)  LR: 9.975e-05  Time cost: 03:48/00:34 [16:56/26:51]  Acc_iter 4800        Data time: 0.00(0.00)  Forward time: 0.22(0.21)  Batch time: 0.22(0.21)
2026-09-29 18:43:27,903   INFO  
2026-09-29 18:43:38,403   INFO  Train:    4/10 ( 40%) [1126/1241 ( 91%)]  Loss: 0.7082 (0.351)  LR: 9.988e-05  Time cost: 03:58/00:24 [17:07/26:41]  Acc_iter 4850        Data time: 0.00(0.00)  Forward time: 0.23(0.21)  Batch time: 0.23(0.21)
2026-09-29 18:43:48,919   INFO  Train:    4/10 ( 40%) [1176/1241 ( 95%)]  Loss: 0.4257 (0.350)  LR: 9.996e-05  Time cost: 04:09/00:13 [17:17/26:30]  Acc_iter 4900        Data time: 0.00(0.00)  Forward time: 0.19(0.21)  Batch time: 0.20(0.21)
2026-09-29 18:43:59,291   INFO  Train:    4/10 ( 40%) [1226/1241 ( 99%)]  Loss: 0.4571 (0.350)  LR: 1.000e-04  Time cost: 04:19/00:03 [17:28/26:18]  Acc_iter 4950        Data time: 0.00(0.00)  Forward time: 0.21(0.21)  Batch time: 0.22(0.21)
2026-09-29 18:43:59,365   INFO  
2026-09-29 18:44:02,117   INFO  Train:    4/10 ( 40%) [1240/1241 (100%)]  Loss: 0.3994 (0.350)  LR: 1.000e-04  Time cost: 04:22/00:00 [17:30/26:14]  Acc_iter 4964        Data time: 0.00(0.00)  Forward time: 0.07(0.21)  Batch time: 0.07(0.21)
2026-09-29 18:44:03,776   INFO  Train:    5/10 ( 50%) [   0/1241 (  0%)]  Loss: 0.2546 (0.255)  LR: 1.000e-04  Time cost: 00:01/26:39 [17:32/2:39:59]  Acc_iter 4965        Data time: 0.91(0.91)  Forward time: 0.38(0.38)  Batch time: 1.29(1.29)
2026-09-29 18:44:11,098   INFO  Train:    5/10 ( 50%) [  35/1241 (  3%)]  Loss: 0.3393 (0.345)  LR: 9.999e-05  Time cost: 00:08/04:48 [17:39/29:32]  Acc_iter 5000        Data time: 0.00(0.03)  Forward time: 0.22(0.21)  Batch time: 0.22(0.24)
2026-09-29 18:44:21,398   INFO  Train:    5/10 ( 50%) [  85/1241 (  7%)]  Loss: 0.2479 (0.346)  LR: 9.997e-05  Time cost: 00:18/04:14 [17:50/26:58]  Acc_iter 5050        Data time: 0.00(0.01)  Forward time: 0.18(0.21)  Batch time: 0.19(0.22)
2026-09-29 18:44:31,844   INFO  Train:    5/10 ( 50%) [ 135/1241 ( 11%)]  Loss: 0.3200 (0.344)  LR: 9.992e-05  Time cost: 00:29/03:58 [18:00/26:18]  Acc_iter 5100        Data time: 0.00(0.01)  Forward time: 0.19(0.21)  Batch time: 0.20(0.22)
2026-09-29 18:44:31,907   INFO  
2026-09-29 18:44:42,310   INFO  Train:    5/10 ( 50%) [ 185/1241 ( 15%)]  Loss: 0.2966 (0.349)  LR: 9.985e-05  Time cost: 00:39/03:46 [18:11/25:54]  Acc_iter 5150        Data time: 0.00(0.01)  Forward time: 0.21(0.21)  Batch time: 0.21(0.21)
2026-09-29 18:44:52,488   INFO  Train:    5/10 ( 50%) [ 235/1241 ( 19%)]  Loss: 0.3683 (0.349)  LR: 9.975e-05  Time cost: 00:50/03:33 [18:21/25:27]  Acc_iter 5200        Data time: 0.00(0.01)  Forward time: 0.20(0.21)  Batch time: 0.20(0.21)
2026-09-29 18:45:02,889   INFO  Train:    5/10 ( 50%) [ 285/1241 ( 23%)]  Loss: 0.5853 (0.353)  LR: 9.964e-05  Time cost: 01:00/03:21 [18:31/25:12]  Acc_iter 5250        Data time: 0.00(0.01)  Forward time: 0.20(0.21)  Batch time: 0.20(0.21)
2026-09-29 18:45:02,954   INFO  
2026-09-29 18:45:13,009   INFO  Train:    5/10 ( 50%) [ 335/1241 ( 27%)]  Loss: 0.2938 (0.352)  LR: 9.950e-05  Time cost: 01:10/03:10 [18:41/24:52]  Acc_iter 5300        Data time: 0.00(0.00)  Forward time: 0.19(0.21)  Batch time: 0.19(0.21)
2026-09-29 18:45:23,253   INFO  Train:    5/10 ( 50%) [ 385/1241 ( 31%)]  Loss: 0.3619 (0.351)  LR: 9.934e-05  Time cost: 01:20/02:59 [18:51/24:37]  Acc_iter 5350        Data time: 0.00(0.00)  Forward time: 0.20(0.20)  Batch time: 0.20(0.21)
2026-09-29 18:45:33,392   INFO  Train:    5/10 ( 50%) [ 435/1241 ( 35%)]  Loss: 0.1995 (0.352)  LR: 9.916e-05  Time cost: 01:30/02:48 [19:02/24:21]  Acc_iter 5400        Data time: 0.00(0.00)  Forward time: 0.20(0.20)  Batch time: 0.20(0.21)
2026-09-29 18:45:33,477   INFO  
2026-09-29 18:45:43,776   INFO  Train:    5/10 ( 50%) [ 485/1241 ( 39%)]  Loss: 0.2766 (0.352)  LR: 9.896e-05  Time cost: 01:41/02:37 [19:12/24:10]  Acc_iter 5450        Data time: 0.00(0.00)  Forward time: 0.18(0.20)  Batch time: 0.18(0.21)
2026-09-29 18:45:54,603   INFO  Train:    5/10 ( 50%) [ 535/1241 ( 43%)]  Loss: 0.2587 (0.352)  LR: 9.873e-05  Time cost: 01:52/02:27 [19:23/24:05]  Acc_iter 5500        Data time: 0.00(0.00)  Forward time: 0.23(0.21)  Batch time: 0.23(0.21)
2026-09-29 18:46:05,023   INFO  Train:    5/10 ( 50%) [ 585/1241 ( 47%)]  Loss: 0.3053 (0.353)  LR: 9.848e-05  Time cost: 02:02/02:17 [19:33/23:54]  Acc_iter 5550        Data time: 0.00(0.00)  Forward time: 0.25(0.21)  Batch time: 0.25(0.21)
2026-09-29 18:46:05,091   INFO  
2026-09-29 18:46:15,708   INFO  Train:    5/10 ( 50%) [ 635/1241 ( 51%)]  Loss: 0.3436 (0.354)  LR: 9.822e-05  Time cost: 02:13/02:06 [19:44/23:46]  Acc_iter 5600        Data time: 0.00(0.00)  Forward time: 0.20(0.21)  Batch time: 0.20(0.21)
2026-09-29 18:46:26,124   INFO  Train:    5/10 ( 50%) [ 685/1241 ( 55%)]  Loss: 0.3736 (0.354)  LR: 9.793e-05  Time cost: 02:23/01:56 [19:54/23:35]  Acc_iter 5650        Data time: 0.00(0.00)  Forward time: 0.19(0.21)  Batch time: 0.19(0.21)
2026-09-29 18:46:36,384   INFO  Train:    5/10 ( 50%) [ 735/1241 ( 59%)]  Loss: 0.3058 (0.354)  LR: 9.762e-05  Time cost: 02:33/01:45 [20:05/23:23]  Acc_iter 5700        Data time: 0.00(0.00)  Forward time: 0.20(0.21)  Batch time: 0.20(0.21)
2026-09-29 18:46:36,480   INFO  
2026-09-29 18:46:47,332   INFO  Train:    5/10 ( 50%) [ 785/1241 ( 63%)]  Loss: 0.3327 (0.354)  LR: 9.728e-05  Time cost: 02:44/01:35 [20:16/23:16]  Acc_iter 5750        Data time: 0.00(0.00)  Forward time: 0.19(0.21)  Batch time: 0.19(0.21)
2026-09-29 18:46:57,507   INFO  Train:    5/10 ( 50%) [ 835/1241 ( 67%)]  Loss: 0.3686 (0.353)  LR: 9.693e-05  Time cost: 02:55/01:24 [20:26/23:04]  Acc_iter 5800        Data time: 0.00(0.00)  Forward time: 0.20(0.21)  Batch time: 0.21(0.21)
2026-09-29 18:47:08,012   INFO  Train:    5/10 ( 50%) [ 885/1241 ( 71%)]  Loss: 0.2536 (0.353)  LR: 9.655e-05  Time cost: 03:05/01:14 [20:36/22:53]  Acc_iter 5850        Data time: 0.00(0.00)  Forward time: 0.19(0.21)  Batch time: 0.19(0.21)
2026-09-29 18:47:08,103   INFO  
2026-09-29 18:47:18,975   INFO  Train:    5/10 ( 50%) [ 935/1241 ( 75%)]  Loss: 0.3005 (0.353)  LR: 9.616e-05  Time cost: 03:16/01:04 [20:47/22:46]  Acc_iter 5900        Data time: 0.00(0.00)  Forward time: 0.20(0.21)  Batch time: 0.20(0.21)
2026-09-29 18:47:29,539   INFO  Train:    5/10 ( 50%) [ 985/1241 ( 79%)]  Loss: 0.4552 (0.353)  LR: 9.574e-05  Time cost: 03:27/00:53 [20:58/22:36]  Acc_iter 5950        Data time: 0.00(0.00)  Forward time: 0.22(0.21)  Batch time: 0.22(0.21)
2026-09-29 18:47:40,296   INFO  Train:    5/10 ( 50%) [1035/1241 ( 83%)]  Loss: 0.3513 (0.353)  LR: 9.531e-05  Time cost: 03:37/00:43 [21:09/22:27]  Acc_iter 6000        Data time: 0.00(0.00)  Forward time: 0.20(0.21)  Batch time: 0.20(0.21)
2026-09-29 18:47:40,389   INFO  
2026-09-29 18:47:51,119   INFO  Train:    5/10 ( 50%) [1085/1241 ( 87%)]  Loss: 0.3373 (0.353)  LR: 9.485e-05  Time cost: 03:48/00:32 [21:19/22:19]  Acc_iter 6050        Data time: 0.00(0.00)  Forward time: 0.19(0.21)  Batch time: 0.19(0.21)
2026-09-29 18:48:01,401   INFO  Train:    5/10 ( 50%) [1135/1241 ( 91%)]  Loss: 0.4699 (0.353)  LR: 9.438e-05  Time cost: 03:58/00:22 [21:30/22:07]  Acc_iter 6100        Data time: 0.00(0.00)  Forward time: 0.19(0.21)  Batch time: 0.19(0.21)
2026-09-29 18:48:11,508   INFO  Train:    5/10 ( 50%) [1185/1241 ( 95%)]  Loss: 0.3997 (0.353)  LR: 9.388e-05  Time cost: 04:09/00:11 [21:40/21:54]  Acc_iter 6150        Data time: 0.00(0.00)  Forward time: 0.21(0.21)  Batch time: 0.21(0.21)
2026-09-29 18:48:11,581   INFO  
2026-09-29 18:48:21,848   INFO  Train:    5/10 ( 50%) [1235/1241 (100%)]  Loss: 0.3167 (0.353)  LR: 9.336e-05  Time cost: 04:19/00:01 [21:50/21:43]  Acc_iter 6200        Data time: 0.00(0.00)  Forward time: 0.18(0.21)  Batch time: 0.19(0.21)
2026-09-29 18:48:22,668   INFO  Train:    5/10 ( 50%) [1240/1241 (100%)]  Loss: 0.3704 (0.353)  LR: 9.331e-05  Time cost: 04:20/00:00 [21:51/21:41]  Acc_iter 6205        Data time: 0.00(0.00)  Forward time: 0.06(0.21)  Batch time: 0.06(0.21)
2026-09-29 18:48:23,995   INFO  Train:    6/10 ( 60%) [   0/1241 (  0%)]  Loss: 0.3279 (0.328)  LR: 9.330e-05  Time cost: 00:01/22:02 [21:52/1:50:11]  Acc_iter 6206        Data time: 0.71(0.71)  Forward time: 0.36(0.36)  Batch time: 1.07(1.07)
2026-09-29 18:48:32,934   INFO  Train:    6/10 ( 60%) [  44/1241 (  4%)]  Loss: 0.2763 (0.370)  LR: 9.283e-05  Time cost: 00:10/04:26 [22:01/22:49]  Acc_iter 6250        Data time: 0.00(0.02)  Forward time: 0.18(0.21)  Batch time: 0.19(0.22)
2026-09-29 18:48:43,558   INFO  Train:    6/10 ( 60%) [  94/1241 (  8%)]  Loss: 0.3285 (0.362)  LR: 9.228e-05  Time cost: 00:20/04:09 [22:12/22:06]  Acc_iter 6300        Data time: 0.00(0.01)  Forward time: 0.20(0.21)  Batch time: 0.20(0.22)
2026-09-29 18:48:43,688   INFO  
2026-09-29 18:48:54,081   INFO  Train:    6/10 ( 60%) [ 144/1241 ( 12%)]  Loss: 0.4139 (0.363)  LR: 9.170e-05  Time cost: 00:31/03:55 [22:22/21:42]  Acc_iter 6350        Data time: 0.00(0.01)  Forward time: 0.25(0.21)  Batch time: 0.25(0.21)
2026-09-29 18:49:04,844   INFO  Train:    6/10 ( 60%) [ 194/1241 ( 16%)]  Loss: 0.2902 (0.356)  LR: 9.111e-05  Time cost: 00:41/03:45 [22:33/21:32]  Acc_iter 6400        Data time: 0.00(0.01)  Forward time: 0.19(0.21)  Batch time: 0.20(0.21)
2026-09-29 18:49:15,237   INFO  Train:    6/10 ( 60%) [ 244/1241 ( 20%)]  Loss: 0.2413 (0.353)  LR: 9.050e-05  Time cost: 00:52/03:32 [22:43/21:12]  Acc_iter 6450        Data time: 0.00(0.01)  Forward time: 0.20(0.21)  Batch time: 0.20(0.21)
2026-09-29 18:49:15,355   INFO  
2026-09-29 18:49:25,800   INFO  Train:    6/10 ( 60%) [ 294/1241 ( 24%)]  Loss: 0.4193 (0.351)  LR: 8.988e-05  Time cost: 01:02/03:21 [22:54/20:59]  Acc_iter 6500        Data time: 0.00(0.01)  Forward time: 0.20(0.21)  Batch time: 0.20(0.21)
2026-09-29 18:49:35,896   INFO  Train:    6/10 ( 60%) [ 344/1241 ( 28%)]  Loss: 0.3287 (0.349)  LR: 8.923e-05  Time cost: 01:12/03:09 [23:04/20:39]  Acc_iter 6550        Data time: 0.00(0.00)  Forward time: 0.20(0.21)  Batch time: 0.20(0.21)
2026-09-29 18:49:46,723   INFO  Train:    6/10 ( 60%) [ 394/1241 ( 32%)]  Loss: 0.2832 (0.348)  LR: 8.857e-05  Time cost: 01:23/02:59 [23:15/20:32]  Acc_iter 6600        Data time: 0.00(0.00)  Forward time: 0.20(0.21)  Batch time: 0.20(0.21)
2026-09-29 18:49:47,175   INFO  
2026-09-29 18:49:57,804   INFO  Train:    6/10 ( 60%) [ 444/1241 ( 36%)]  Loss: 0.3418 (0.348)  LR: 8.789e-05  Time cost: 01:34/02:49 [23:26/20:28]  Acc_iter 6650        Data time: 0.00(0.01)  Forward time: 0.24(0.21)  Batch time: 0.24(0.21)
2026-09-29 18:50:08,587   INFO  Train:    6/10 ( 60%) [ 494/1241 ( 40%)]  Loss: 0.4210 (0.348)  LR: 8.719e-05  Time cost: 01:45/02:39 [23:37/20:19]  Acc_iter 6700        Data time: 0.00(0.00)  Forward time: 0.20(0.21)  Batch time: 0.20(0.21)
2026-09-29 18:50:19,011   INFO  Train:    6/10 ( 60%) [ 544/1241 ( 44%)]  Loss: 0.4207 (0.348)  LR: 8.648e-05  Time cost: 01:56/02:28 [23:47/20:05]  Acc_iter 6750        Data time: 0.00(0.00)  Forward time: 0.24(0.21)  Batch time: 0.25(0.21)
2026-09-29 18:50:19,196   INFO  
2026-09-29 18:50:30,093   INFO  Train:    6/10 ( 60%) [ 594/1241 ( 48%)]  Loss: 0.3656 (0.349)  LR: 8.575e-05  Time cost: 02:07/02:18 [23:58/19:59]  Acc_iter 6800        Data time: 0.00(0.00)  Forward time: 0.25(0.21)  Batch time: 0.26(0.21)
2026-09-29 18:50:41,147   INFO  Train:    6/10 ( 60%) [ 644/1241 ( 52%)]  Loss: 0.2687 (0.349)  LR: 8.500e-05  Time cost: 02:18/02:07 [24:09/19:51]  Acc_iter 6850        Data time: 0.00(0.00)  Forward time: 0.19(0.21)  Batch time: 0.19(0.21)
2026-09-29 18:50:51,476   INFO  Train:    6/10 ( 60%) [ 694/1241 ( 56%)]  Loss: 0.2461 (0.347)  LR: 8.424e-05  Time cost: 02:28/01:56 [24:20/19:37]  Acc_iter 6900        Data time: 0.00(0.00)  Forward time: 0.22(0.21)  Batch time: 0.22(0.21)
2026-09-29 18:50:51,652   INFO  
2026-09-29 18:51:01,967   INFO  Train:    6/10 ( 60%) [ 744/1241 ( 60%)]  Loss: 0.3555 (0.348)  LR: 8.347e-05  Time cost: 02:39/01:46 [24:30/19:25]  Acc_iter 6950        Data time: 0.00(0.00)  Forward time: 0.20(0.21)  Batch time: 0.20(0.21)
2026-09-29 18:51:12,313   INFO  Train:    6/10 ( 60%) [ 794/1241 ( 64%)]  Loss: 0.2555 (0.349)  LR: 8.268e-05  Time cost: 02:49/01:35 [24:41/19:12]  Acc_iter 7000        Data time: 0.00(0.00)  Forward time: 0.21(0.21)  Batch time: 0.21(0.21)
2026-09-29 18:51:22,754   INFO  Train:    6/10 ( 60%) [ 844/1241 ( 68%)]  Loss: 0.4391 (0.352)  LR: 8.187e-05  Time cost: 02:59/01:24 [24:51/19:00]  Acc_iter 7050        Data time: 0.00(0.00)  Forward time: 0.21(0.21)  Batch time: 0.21(0.21)
2026-09-29 18:51:22,870   INFO  
2026-09-29 18:51:33,540   INFO  Train:    6/10 ( 60%) [ 894/1241 ( 72%)]  Loss: 0.5502 (0.352)  LR: 8.105e-05  Time cost: 03:10/01:13 [25:02/18:51]  Acc_iter 7100        Data time: 0.00(0.00)  Forward time: 0.20(0.21)  Batch time: 0.20(0.21)
2026-09-29 18:51:43,901   INFO  Train:    6/10 ( 60%) [ 944/1241 ( 76%)]  Loss: 0.3338 (0.353)  LR: 8.022e-05  Time cost: 03:20/01:03 [25:12/18:38]  Acc_iter 7150        Data time: 0.00(0.00)  Forward time: 0.22(0.21)  Batch time: 0.22(0.21)
2026-09-29 18:51:54,339   INFO  Train:    6/10 ( 60%) [ 994/1241 ( 80%)]  Loss: 0.2859 (0.353)  LR: 7.937e-05  Time cost: 03:31/00:52 [25:23/18:27]  Acc_iter 7200        Data time: 0.00(0.00)  Forward time: 0.20(0.21)  Batch time: 0.20(0.21)
2026-09-29 18:51:54,458   INFO  
2026-09-29 18:52:05,384   INFO  Train:    6/10 ( 60%) [1044/1241 ( 84%)]  Loss: 0.3383 (0.353)  LR: 7.851e-05  Time cost: 03:42/00:41 [25:34/18:18]  Acc_iter 7250        Data time: 0.00(0.00)  Forward time: 0.26(0.21)  Batch time: 0.26(0.21)
2026-09-29 18:52:15,870   INFO  Train:    6/10 ( 60%) [1094/1241 ( 88%)]  Loss: 0.2392 (0.353)  LR: 7.764e-05  Time cost: 03:52/00:31 [25:44/18:07]  Acc_iter 7300        Data time: 0.00(0.00)  Forward time: 0.21(0.21)  Batch time: 0.21(0.21)
2026-09-29 18:52:27,046   INFO  Train:    6/10 ( 60%) [1144/1241 ( 92%)]  Loss: 0.4469 (0.352)  LR: 7.675e-05  Time cost: 04:04/00:20 [25:55/17:59]  Acc_iter 7350        Data time: 0.00(0.00)  Forward time: 0.20(0.21)  Batch time: 0.21(0.21)
2026-09-29 18:52:27,165   INFO  
2026-09-29 18:52:38,031   INFO  Train:    6/10 ( 60%) [1194/1241 ( 96%)]  Loss: 0.3218 (0.351)  LR: 7.585e-05  Time cost: 04:15/00:10 [26:06/17:49]  Acc_iter 7400        Data time: 0.01(0.00)  Forward time: 0.19(0.21)  Batch time: 0.20(0.21)
2026-09-29 18:52:47,412   INFO  Train:    6/10 ( 60%) [1240/1241 (100%)]  Loss: 0.3352 (0.351)  LR: 7.502e-05  Time cost: 04:24/00:00 [26:16/17:38]  Acc_iter 7446        Data time: 0.00(0.00)  Forward time: 0.06(0.21)  Batch time: 0.06(0.21)
2026-09-29 18:52:49,105   INFO  Train:    7/10 ( 70%) [   0/1241 (  0%)]  Loss: 0.3022 (0.302)  LR: 7.500e-05  Time cost: 00:01/27:59 [26:17/1:51:56]  Acc_iter 7447        Data time: 1.05(1.05)  Forward time: 0.31(0.31)  Batch time: 1.35(1.35)
2026-09-29 18:52:49,743   INFO  Train:    7/10 ( 70%) [   3/1241 (  0%)]  Loss: 0.5100 (0.415)  LR: 7.495e-05  Time cost: 00:01/10:16 [26:18/41:08]  Acc_iter 7450        Data time: 0.00(0.26)  Forward time: 0.20(0.23)  Batch time: 0.20(0.50)
2026-09-29 18:53:00,248   INFO  Train:    7/10 ( 70%) [  53/1241 (  4%)]  Loss: 0.3161 (0.345)  LR: 7.403e-05  Time cost: 00:12/04:34 [26:28/18:56]  Acc_iter 7500        Data time: 0.00(0.02)  Forward time: 0.20(0.21)  Batch time: 0.20(0.23)
2026-09-29 18:53:00,349   INFO  
2026-09-29 18:53:10,966   INFO  Train:    7/10 ( 70%) [ 103/1241 (  8%)]  Loss: 0.3105 (0.346)  LR: 7.310e-05  Time cost: 00:23/04:14 [26:39/18:05]  Acc_iter 7550        Data time: 0.00(0.01)  Forward time: 0.20(0.21)  Batch time: 0.20(0.22)
2026-09-29 18:53:21,373   INFO  Train:    7/10 ( 70%) [ 153/1241 ( 12%)]  Loss: 0.4496 (0.345)  LR: 7.215e-05  Time cost: 00:33/03:57 [26:50/17:30]  Acc_iter 7600        Data time: 0.00(0.01)  Forward time: 0.20(0.21)  Batch time: 0.20(0.22)
2026-09-29 18:53:31,672   INFO  Train:    7/10 ( 70%) [ 203/1241 ( 16%)]  Loss: 0.2983 (0.344)  LR: 7.120e-05  Time cost: 00:43/03:43 [27:00/17:05]  Acc_iter 7650        Data time: 0.00(0.01)  Forward time: 0.20(0.21)  Batch time: 0.20(0.22)
2026-09-29 18:53:31,772   INFO  
2026-09-29 18:53:42,137   INFO  Train:    7/10 ( 70%) [ 253/1241 ( 20%)]  Loss: 0.3547 (0.344)  LR: 7.024e-05  Time cost: 00:54/03:31 [27:10/16:48]  Acc_iter 7700        Data time: 0.00(0.01)  Forward time: 0.19(0.21)  Batch time: 0.19(0.21)
2026-09-29 18:53:52,343   INFO  Train:    7/10 ( 70%) [ 303/1241 ( 24%)]  Loss: 0.3379 (0.344)  LR: 6.928e-05  Time cost: 01:04/03:19 [27:21/16:30]  Acc_iter 7750        Data time: 0.00(0.01)  Forward time: 0.20(0.21)  Batch time: 0.21(0.21)
2026-09-29 18:54:02,745   INFO  Train:    7/10 ( 70%) [ 353/1241 ( 28%)]  Loss: 0.2805 (0.353)  LR: 6.830e-05  Time cost: 01:14/03:08 [27:31/16:16]  Acc_iter 7800        Data time: 0.00(0.01)  Forward time: 0.20(0.21)  Batch time: 0.20(0.21)
2026-09-29 18:54:02,839   INFO  
2026-09-29 18:54:13,372   INFO  Train:    7/10 ( 70%) [ 403/1241 ( 32%)]  Loss: 0.2921 (0.351)  LR: 6.731e-05  Time cost: 01:25/02:57 [27:42/16:06]  Acc_iter 7850        Data time: 0.00(0.01)  Forward time: 0.21(0.21)  Batch time: 0.21(0.21)
2026-09-29 18:54:23,771   INFO  Train:    7/10 ( 70%) [ 453/1241 ( 37%)]  Loss: 0.4773 (0.351)  LR: 6.632e-05  Time cost: 01:36/02:46 [27:52/15:54]  Acc_iter 7900        Data time: 0.00(0.00)  Forward time: 0.22(0.21)  Batch time: 0.22(0.21)
2026-09-29 18:54:34,730   INFO  Train:    7/10 ( 70%) [ 503/1241 ( 41%)]  Loss: 0.2921 (0.350)  LR: 6.532e-05  Time cost: 01:46/02:36 [28:03/15:46]  Acc_iter 7950        Data time: 0.00(0.00)  Forward time: 0.20(0.21)  Batch time: 0.20(0.21)
2026-09-29 18:54:34,845   INFO  
2026-09-29 18:54:46,248   INFO  Train:    7/10 ( 70%) [ 553/1241 ( 45%)]  Loss: 0.3083 (0.350)  LR: 6.431e-05  Time cost: 01:58/02:27 [28:14/15:43]  Acc_iter 8000        Data time: 0.00(0.00)  Forward time: 0.29(0.21)  Batch time: 0.30(0.21)
2026-09-29 18:54:57,108   INFO  Train:    7/10 ( 70%) [ 603/1241 ( 49%)]  Loss: 0.2988 (0.351)  LR: 6.330e-05  Time cost: 02:09/02:16 [28:25/15:33]  Acc_iter 8050        Data time: 0.00(0.00)  Forward time: 0.22(0.21)  Batch time: 0.22(0.21)
2026-09-29 18:55:08,412   INFO  Train:    7/10 ( 70%) [ 653/1241 ( 53%)]  Loss: 0.3106 (0.351)  LR: 6.228e-05  Time cost: 02:20/02:06 [28:37/15:27]  Acc_iter 8100        Data time: 0.00(0.00)  Forward time: 0.20(0.21)  Batch time: 0.21(0.22)
2026-09-29 18:55:08,532   INFO  
2026-09-29 18:55:19,482   INFO  Train:    7/10 ( 70%) [ 703/1241 ( 57%)]  Loss: 0.2986 (0.352)  LR: 6.125e-05  Time cost: 02:31/01:55 [28:48/15:18]  Acc_iter 8150        Data time: 0.00(0.00)  Forward time: 0.25(0.21)  Batch time: 0.25(0.22)
2026-09-29 18:55:30,714   INFO  Train:    7/10 ( 70%) [ 753/1241 ( 61%)]  Loss: 0.2892 (0.350)  LR: 6.022e-05  Time cost: 02:42/01:45 [28:59/15:10]  Acc_iter 8200        Data time: 0.00(0.00)  Forward time: 0.22(0.21)  Batch time: 0.22(0.22)
2026-09-29 18:55:41,983   INFO  Train:    7/10 ( 70%) [ 803/1241 ( 65%)]  Loss: 0.4182 (0.351)  LR: 5.919e-05  Time cost: 02:54/01:34 [29:10/15:01]  Acc_iter 8250        Data time: 0.00(0.00)  Forward time: 0.22(0.21)  Batch time: 0.22(0.22)
2026-09-29 18:55:42,136   INFO  
2026-09-29 18:55:53,088   INFO  Train:    7/10 ( 70%) [ 853/1241 ( 69%)]  Loss: 0.2691 (0.353)  LR: 5.815e-05  Time cost: 03:05/01:24 [29:21/14:52]  Acc_iter 8300        Data time: 0.00(0.00)  Forward time: 0.20(0.21)  Batch time: 0.21(0.22)
2026-09-29 18:56:03,595   INFO  Train:    7/10 ( 70%) [ 903/1241 ( 73%)]  Loss: 0.3329 (0.353)  LR: 5.711e-05  Time cost: 03:15/01:13 [29:32/14:39]  Acc_iter 8350        Data time: 0.00(0.00)  Forward time: 0.21(0.21)  Batch time: 0.21(0.22)
2026-09-29 18:56:14,176   INFO  Train:    7/10 ( 70%) [ 953/1241 ( 77%)]  Loss: 0.2534 (0.354)  LR: 5.606e-05  Time cost: 03:26/01:02 [29:42/14:27]  Acc_iter 8400        Data time: 0.00(0.00)  Forward time: 0.24(0.21)  Batch time: 0.25(0.22)
2026-09-29 18:56:14,268   INFO  
2026-09-29 18:56:24,634   INFO  Train:    7/10 ( 70%) [1003/1241 ( 81%)]  Loss: 0.2774 (0.353)  LR: 5.501e-05  Time cost: 03:36/00:51 [29:53/14:15]  Acc_iter 8450        Data time: 0.00(0.00)  Forward time: 0.20(0.21)  Batch time: 0.20(0.22)
2026-09-29 18:56:34,858   INFO  Train:    7/10 ( 70%) [1053/1241 ( 85%)]  Loss: 0.2958 (0.352)  LR: 5.396e-05  Time cost: 03:47/00:40 [30:03/14:02]  Acc_iter 8500        Data time: 0.00(0.00)  Forward time: 0.19(0.21)  Batch time: 0.19(0.22)
2026-09-29 18:56:45,183   INFO  Train:    7/10 ( 70%) [1103/1241 ( 89%)]  Loss: 0.3169 (0.351)  LR: 5.291e-05  Time cost: 03:57/00:29 [30:13/13:50]  Acc_iter 8550        Data time: 0.00(0.00)  Forward time: 0.21(0.21)  Batch time: 0.21(0.22)
2026-09-29 18:56:45,273   INFO  
2026-09-29 18:56:55,743   INFO  Train:    7/10 ( 70%) [1153/1241 ( 93%)]  Loss: 0.2888 (0.350)  LR: 5.186e-05  Time cost: 04:07/00:18 [30:24/13:38]  Acc_iter 8600        Data time: 0.00(0.00)  Forward time: 0.21(0.21)  Batch time: 0.21(0.21)
2026-09-29 18:57:06,017   INFO  Train:    7/10 ( 70%) [1203/1241 ( 97%)]  Loss: 0.2957 (0.350)  LR: 5.080e-05  Time cost: 04:18/00:08 [30:34/13:26]  Acc_iter 8650        Data time: 0.00(0.00)  Forward time: 0.21(0.21)  Batch time: 0.21(0.21)
2026-09-29 18:57:13,700   INFO  Train:    7/10 ( 70%) [1240/1241 (100%)]  Loss: 0.3632 (0.349)  LR: 5.002e-05  Time cost: 04:25/00:00 [30:42/13:18]  Acc_iter 8687        Data time: 0.00(0.00)  Forward time: 0.06(0.21)  Batch time: 0.06(0.21)
2026-09-29 18:57:14,923   INFO  Train:    8/10 ( 80%) [   0/1241 (  0%)]  Loss: 0.3166 (0.317)  LR: 5.000e-05  Time cost: 00:00/19:14 [30:43/57:42]  Acc_iter 8688        Data time: 0.63(0.63)  Forward time: 0.30(0.30)  Batch time: 0.93(0.93)
2026-09-29 18:57:17,406   INFO  Train:    8/10 ( 80%) [  12/1241 (  1%)]  Loss: 0.3707 (0.358)  LR: 4.975e-05  Time cost: 00:03/05:22 [30:46/16:14]  Acc_iter 8700        Data time: 0.00(0.05)  Forward time: 0.20(0.21)  Batch time: 0.20(0.26)
2026-09-29 18:57:17,466   INFO  
2026-09-29 18:57:28,088   INFO  Train:    8/10 ( 80%) [  62/1241 (  5%)]  Loss: 0.3300 (0.360)  LR: 4.869e-05  Time cost: 00:14/04:23 [30:56/13:39]  Acc_iter 8750        Data time: 0.00(0.01)  Forward time: 0.23(0.21)  Batch time: 0.23(0.22)
2026-09-29 18:57:38,435   INFO  Train:    8/10 ( 80%) [ 112/1241 (  9%)]  Loss: 0.3146 (0.350)  LR: 4.764e-05  Time cost: 00:24/04:04 [31:07/13:01]  Acc_iter 8800        Data time: 0.00(0.01)  Forward time: 0.22(0.21)  Batch time: 0.22(0.22)
2026-09-29 18:57:49,751   INFO  Train:    8/10 ( 80%) [ 162/1241 ( 13%)]  Loss: 0.3352 (0.353)  LR: 4.659e-05  Time cost: 00:35/03:56 [31:18/13:01]  Acc_iter 8850        Data time: 0.00(0.01)  Forward time: 0.22(0.21)  Batch time: 0.22(0.22)
2026-09-29 18:57:49,869   INFO  
2026-09-29 18:58:00,737   INFO  Train:    8/10 ( 80%) [ 212/1241 ( 17%)]  Loss: 0.3738 (0.350)  LR: 4.553e-05  Time cost: 00:46/03:45 [31:29/12:50]  Acc_iter 8900        Data time: 0.00(0.01)  Forward time: 0.19(0.21)  Batch time: 0.19(0.22)
2026-09-29 18:58:11,035   INFO  Train:    8/10 ( 80%) [ 262/1241 ( 21%)]  Loss: 0.3559 (0.349)  LR: 4.448e-05  Time cost: 00:57/03:32 [31:39/12:30]  Acc_iter 8950        Data time: 0.00(0.00)  Forward time: 0.25(0.21)  Batch time: 0.25(0.22)
2026-09-29 18:58:21,840   INFO  Train:    8/10 ( 80%) [ 312/1241 ( 25%)]  Loss: 0.3811 (0.352)  LR: 4.344e-05  Time cost: 01:07/03:21 [31:50/12:19]  Acc_iter 9000        Data time: 0.00(0.00)  Forward time: 0.19(0.21)  Batch time: 0.19(0.22)
2026-09-29 18:58:21,951   INFO  
2026-09-29 18:58:32,475   INFO  Train:    8/10 ( 80%) [ 362/1241 ( 29%)]  Loss: 0.3776 (0.349)  LR: 4.239e-05  Time cost: 01:18/03:10 [32:01/12:06]  Acc_iter 9050        Data time: 0.00(0.00)  Forward time: 0.20(0.21)  Batch time: 0.21(0.22)
2026-09-29 18:58:42,706   INFO  Train:    8/10 ( 80%) [ 412/1241 ( 33%)]  Loss: 0.4272 (0.347)  LR: 4.135e-05  Time cost: 01:28/02:58 [32:11/11:51]  Acc_iter 9100        Data time: 0.00(0.00)  Forward time: 0.22(0.21)  Batch time: 0.22(0.21)
2026-09-29 18:58:53,345   INFO  Train:    8/10 ( 80%) [ 462/1241 ( 37%)]  Loss: 0.4626 (0.349)  LR: 4.032e-05  Time cost: 01:39/02:47 [32:22/11:39]  Acc_iter 9150        Data time: 0.00(0.00)  Forward time: 0.21(0.21)  Batch time: 0.21(0.21)
2026-09-29 18:58:53,470   INFO  
2026-09-29 18:59:04,060   INFO  Train:    8/10 ( 80%) [ 512/1241 ( 41%)]  Loss: 0.2183 (0.350)  LR: 3.928e-05  Time cost: 01:50/02:36 [32:32/11:28]  Acc_iter 9200        Data time: 0.00(0.00)  Forward time: 0.19(0.21)  Batch time: 0.19(0.21)
2026-09-29 18:59:14,360   INFO  Train:    8/10 ( 80%) [ 562/1241 ( 45%)]  Loss: 0.3689 (0.349)  LR: 3.826e-05  Time cost: 02:00/02:25 [32:43/11:15]  Acc_iter 9250        Data time: 0.00(0.00)  Forward time: 0.21(0.21)  Batch time: 0.21(0.21)
2026-09-29 18:59:25,028   INFO  Train:    8/10 ( 80%) [ 612/1241 ( 49%)]  Loss: 0.3012 (0.348)  LR: 3.723e-05  Time cost: 02:11/02:14 [32:53/11:05]  Acc_iter 9300        Data time: 0.00(0.00)  Forward time: 0.20(0.21)  Batch time: 0.21(0.21)
2026-09-29 18:59:25,109   INFO  
2026-09-29 18:59:35,777   INFO  Train:    8/10 ( 80%) [ 662/1241 ( 53%)]  Loss: 0.2063 (0.348)  LR: 3.622e-05  Time cost: 02:21/02:03 [33:04/10:54]  Acc_iter 9350        Data time: 0.00(0.00)  Forward time: 0.22(0.21)  Batch time: 0.22(0.21)
2026-09-29 18:59:46,675   INFO  Train:    8/10 ( 80%) [ 712/1241 ( 57%)]  Loss: 0.3236 (0.348)  LR: 3.521e-05  Time cost: 02:32/01:53 [33:15/10:44]  Acc_iter 9400        Data time: 0.00(0.00)  Forward time: 0.22(0.21)  Batch time: 0.22(0.21)
2026-09-29 18:59:57,009   INFO  Train:    8/10 ( 80%) [ 762/1241 ( 61%)]  Loss: 0.2271 (0.347)  LR: 3.420e-05  Time cost: 02:43/01:42 [33:25/10:32]  Acc_iter 9450        Data time: 0.00(0.00)  Forward time: 0.23(0.21)  Batch time: 0.23(0.21)
2026-09-29 18:59:57,089   INFO  
2026-09-29 19:00:07,399   INFO  Train:    8/10 ( 80%) [ 812/1241 ( 65%)]  Loss: 0.3428 (0.350)  LR: 3.320e-05  Time cost: 02:53/01:31 [33:36/10:20]  Acc_iter 9500        Data time: 0.00(0.00)  Forward time: 0.22(0.21)  Batch time: 0.22(0.21)
2026-09-29 19:00:18,106   INFO  Train:    8/10 ( 80%) [ 862/1241 ( 69%)]  Loss: 0.3611 (0.350)  LR: 3.221e-05  Time cost: 03:04/01:20 [33:46/10:10]  Acc_iter 9550        Data time: 0.00(0.00)  Forward time: 0.20(0.21)  Batch time: 0.21(0.21)
2026-09-29 19:00:29,107   INFO  Train:    8/10 ( 80%) [ 912/1241 ( 73%)]  Loss: 0.3927 (0.350)  LR: 3.123e-05  Time cost: 03:15/01:10 [33:57/10:00]  Acc_iter 9600        Data time: 0.00(0.00)  Forward time: 0.24(0.21)  Batch time: 0.24(0.21)
2026-09-29 19:00:29,173   INFO  
2026-09-29 19:00:39,495   INFO  Train:    8/10 ( 80%) [ 962/1241 ( 78%)]  Loss: 0.3287 (0.349)  LR: 3.026e-05  Time cost: 03:25/00:59 [34:08/09:49]  Acc_iter 9650        Data time: 0.00(0.00)  Forward time: 0.20(0.21)  Batch time: 0.20(0.21)
2026-09-29 19:00:49,839   INFO  Train:    8/10 ( 80%) [1012/1241 ( 82%)]  Loss: 0.2890 (0.349)  LR: 2.929e-05  Time cost: 03:35/00:48 [34:18/09:37]  Acc_iter 9700        Data time: 0.00(0.00)  Forward time: 0.21(0.21)  Batch time: 0.21(0.21)
2026-09-29 19:01:00,173   INFO  Train:    8/10 ( 80%) [1062/1241 ( 86%)]  Loss: 0.3404 (0.349)  LR: 2.834e-05  Time cost: 03:46/00:38 [34:28/09:26]  Acc_iter 9750        Data time: 0.00(0.00)  Forward time: 0.22(0.21)  Batch time: 0.22(0.21)
2026-09-29 19:01:00,243   INFO  
2026-09-29 19:01:11,037   INFO  Train:    8/10 ( 80%) [1112/1241 ( 90%)]  Loss: 0.2724 (0.349)  LR: 2.739e-05  Time cost: 03:57/00:27 [34:39/09:16]  Acc_iter 9800        Data time: 0.00(0.00)  Forward time: 0.20(0.21)  Batch time: 0.20(0.21)
2026-09-29 19:01:21,836   INFO  Train:    8/10 ( 80%) [1162/1241 ( 94%)]  Loss: 0.3023 (0.348)  LR: 2.646e-05  Time cost: 04:07/00:16 [34:50/09:05]  Acc_iter 9850        Data time: 0.00(0.00)  Forward time: 0.22(0.21)  Batch time: 0.22(0.21)
2026-09-29 19:01:32,542   INFO  Train:    8/10 ( 80%) [1212/1241 ( 98%)]  Loss: 0.3069 (0.349)  LR: 2.553e-05  Time cost: 04:18/00:06 [35:01/08:55]  Acc_iter 9900        Data time: 0.00(0.00)  Forward time: 0.27(0.21)  Batch time: 0.27(0.21)
2026-09-29 19:01:32,622   INFO  
2026-09-29 19:01:38,400   INFO  Train:    8/10 ( 80%) [1240/1241 (100%)]  Loss: 0.4377 (0.349)  LR: 2.502e-05  Time cost: 04:24/00:00 [35:07/08:49]  Acc_iter 9928        Data time: 0.00(0.00)  Forward time: 0.07(0.21)  Batch time: 0.07(0.21)
2026-09-29 19:01:40,026   INFO  Train:    9/10 ( 90%) [   0/1241 (  0%)]  Loss: 0.3895 (0.390)  LR: 2.500e-05  Time cost: 00:01/26:55 [35:08/53:50]  Acc_iter 9929        Data time: 0.97(0.97)  Forward time: 0.33(0.33)  Batch time: 1.30(1.30)
2026-09-29 19:01:44,301   INFO  Train:    9/10 ( 90%) [  21/1241 (  2%)]  Loss: 0.4549 (0.330)  LR: 2.462e-05  Time cost: 00:05/05:09 [35:13/10:23]  Acc_iter 9950        Data time: 0.00(0.05)  Forward time: 0.19(0.21)  Batch time: 0.19(0.25)
2026-09-29 19:01:55,015   INFO  Train:    9/10 ( 90%) [  71/1241 (  6%)]  Loss: 0.4113 (0.337)  LR: 2.372e-05  Time cost: 00:16/04:24 [35:23/09:05]  Acc_iter 10000       Data time: 0.00(0.02)  Forward time: 0.21(0.21)  Batch time: 0.21(0.23)
2026-09-29 19:02:05,653   INFO  Train:    9/10 ( 90%) [ 121/1241 ( 10%)]  Loss: 0.2999 (0.336)  LR: 2.282e-05  Time cost: 00:26/04:07 [35:34/08:41]  Acc_iter 10050       Data time: 0.00(0.01)  Forward time: 0.18(0.21)  Batch time: 0.19(0.22)
2026-09-29 19:02:05,725   INFO  
2026-09-29 19:02:16,647   INFO  Train:    9/10 ( 90%) [ 171/1241 ( 14%)]  Loss: 0.2495 (0.347)  LR: 2.194e-05  Time cost: 00:37/03:55 [35:45/08:29]  Acc_iter 10100       Data time: 0.00(0.01)  Forward time: 0.20(0.21)  Batch time: 0.20(0.22)
2026-09-29 19:02:27,527   INFO  Train:    9/10 ( 90%) [ 221/1241 ( 18%)]  Loss: 0.3271 (0.351)  LR: 2.108e-05  Time cost: 00:48/03:44 [35:56/08:17]  Acc_iter 10150       Data time: 0.00(0.01)  Forward time: 0.21(0.21)  Batch time: 0.21(0.22)
2026-09-29 19:02:38,138   INFO  Train:    9/10 ( 90%) [ 271/1241 ( 22%)]  Loss: 0.3910 (0.355)  LR: 2.022e-05  Time cost: 00:59/03:31 [36:06/08:02]  Acc_iter 10200       Data time: 0.00(0.01)  Forward time: 0.20(0.21)  Batch time: 0.20(0.22)
2026-09-29 19:02:38,216   INFO  
2026-09-29 19:02:48,974   INFO  Train:    9/10 ( 90%) [ 321/1241 ( 26%)]  Loss: 0.2908 (0.356)  LR: 1.938e-05  Time cost: 01:10/03:20 [36:17/07:51]  Acc_iter 10250       Data time: 0.00(0.01)  Forward time: 0.20(0.21)  Batch time: 0.20(0.22)
2026-09-29 19:02:59,292   INFO  Train:    9/10 ( 90%) [ 371/1241 ( 30%)]  Loss: 0.3110 (0.354)  LR: 1.856e-05  Time cost: 01:20/03:08 [36:28/07:37]  Acc_iter 10300       Data time: 0.00(0.01)  Forward time: 0.21(0.21)  Batch time: 0.21(0.22)
2026-09-29 19:03:09,379   INFO  Train:    9/10 ( 90%) [ 421/1241 ( 34%)]  Loss: 0.3013 (0.352)  LR: 1.774e-05  Time cost: 01:30/02:56 [36:38/07:22]  Acc_iter 10350       Data time: 0.00(0.00)  Forward time: 0.18(0.21)  Batch time: 0.19(0.21)
2026-09-29 19:03:09,487   INFO  
2026-09-29 19:03:19,872   INFO  Train:    9/10 ( 90%) [ 471/1241 ( 38%)]  Loss: 0.3081 (0.350)  LR: 1.694e-05  Time cost: 01:41/02:45 [36:48/07:10]  Acc_iter 10400       Data time: 0.00(0.00)  Forward time: 0.19(0.21)  Batch time: 0.19(0.21)
2026-09-29 19:03:30,164   INFO  Train:    9/10 ( 90%) [ 521/1241 ( 42%)]  Loss: 0.2636 (0.349)  LR: 1.616e-05  Time cost: 01:51/02:33 [36:58/06:58]  Acc_iter 10450       Data time: 0.00(0.00)  Forward time: 0.22(0.21)  Batch time: 0.23(0.21)
2026-09-29 19:03:40,678   INFO  Train:    9/10 ( 90%) [ 571/1241 ( 46%)]  Loss: 0.3431 (0.349)  LR: 1.539e-05  Time cost: 02:01/02:22 [37:09/06:47]  Acc_iter 10500       Data time: 0.00(0.00)  Forward time: 0.20(0.21)  Batch time: 0.21(0.21)
2026-09-29 19:03:40,783   INFO  
2026-09-29 19:03:51,395   INFO  Train:    9/10 ( 90%) [ 621/1241 ( 50%)]  Loss: 0.3453 (0.347)  LR: 1.464e-05  Time cost: 02:12/02:12 [37:20/06:36]  Acc_iter 10550       Data time: 0.00(0.00)  Forward time: 0.21(0.21)  Batch time: 0.22(0.21)
2026-09-29 19:04:01,790   INFO  Train:    9/10 ( 90%) [ 671/1241 ( 54%)]  Loss: 0.3975 (0.347)  LR: 1.390e-05  Time cost: 02:23/02:01 [37:30/06:25]  Acc_iter 10600       Data time: 0.00(0.00)  Forward time: 0.20(0.21)  Batch time: 0.20(0.21)
2026-09-29 19:04:12,627   INFO  Train:    9/10 ( 90%) [ 721/1241 ( 58%)]  Loss: 0.3815 (0.347)  LR: 1.318e-05  Time cost: 02:33/01:50 [37:41/06:15]  Acc_iter 10650       Data time: 0.00(0.00)  Forward time: 0.20(0.21)  Batch time: 0.20(0.21)
2026-09-29 19:04:12,761   INFO  
2026-09-29 19:04:23,738   INFO  Train:    9/10 ( 90%) [ 771/1241 ( 62%)]  Loss: 0.2653 (0.348)  LR: 1.247e-05  Time cost: 02:45/01:40 [37:52/06:05]  Acc_iter 10700       Data time: 0.00(0.00)  Forward time: 0.21(0.21)  Batch time: 0.21(0.21)
2026-09-29 19:04:34,449   INFO  Train:    9/10 ( 90%) [ 821/1241 ( 66%)]  Loss: 0.3052 (0.348)  LR: 1.178e-05  Time cost: 02:55/01:29 [38:03/05:55]  Acc_iter 10750       Data time: 0.00(0.00)  Forward time: 0.23(0.21)  Batch time: 0.24(0.21)
2026-09-29 19:04:45,432   INFO  Train:    9/10 ( 90%) [ 871/1241 ( 70%)]  Loss: 0.3259 (0.348)  LR: 1.111e-05  Time cost: 03:06/01:19 [38:14/05:44]  Acc_iter 10800       Data time: 0.00(0.00)  Forward time: 0.22(0.21)  Batch time: 0.22(0.21)
2026-09-29 19:04:45,569   INFO  
2026-09-29 19:04:56,606   INFO  Train:    9/10 ( 90%) [ 921/1241 ( 74%)]  Loss: 0.3065 (0.347)  LR: 1.046e-05  Time cost: 03:17/01:08 [38:25/05:35]  Acc_iter 10850       Data time: 0.00(0.00)  Forward time: 0.20(0.21)  Batch time: 0.21(0.21)
2026-09-29 19:05:07,312   INFO  Train:    9/10 ( 90%) [ 971/1241 ( 78%)]  Loss: 0.2646 (0.347)  LR: 9.822e-06  Time cost: 03:28/00:57 [38:36/05:24]  Acc_iter 10900       Data time: 0.00(0.00)  Forward time: 0.22(0.21)  Batch time: 0.22(0.21)
2026-09-29 19:05:18,059   INFO  Train:    9/10 ( 90%) [1021/1241 ( 82%)]  Loss: 0.6093 (0.348)  LR: 9.203e-06  Time cost: 03:39/00:47 [38:46/05:13]  Acc_iter 10950       Data time: 0.00(0.00)  Forward time: 0.21(0.21)  Batch time: 0.21(0.21)
2026-09-29 19:05:18,384   INFO  
2026-09-29 19:05:29,324   INFO  Train:    9/10 ( 90%) [1071/1241 ( 86%)]  Loss: 0.3492 (0.349)  LR: 8.603e-06  Time cost: 03:50/00:36 [38:58/05:03]  Acc_iter 11000       Data time: 0.00(0.00)  Forward time: 0.26(0.21)  Batch time: 0.26(0.22)
2026-09-29 19:05:39,774   INFO  Train:    9/10 ( 90%) [1121/1241 ( 90%)]  Loss: 0.3034 (0.348)  LR: 8.020e-06  Time cost: 04:01/00:25 [39:08/04:52]  Acc_iter 11050       Data time: 0.00(0.00)  Forward time: 0.23(0.21)  Batch time: 0.23(0.21)
2026-09-29 19:05:50,805   INFO  Train:    9/10 ( 90%) [1171/1241 ( 94%)]  Loss: 0.3062 (0.348)  LR: 7.457e-06  Time cost: 04:12/00:15 [39:19/04:41]  Acc_iter 11100       Data time: 0.00(0.00)  Forward time: 0.21(0.21)  Batch time: 0.21(0.22)
2026-09-29 19:05:50,931   INFO  
2026-09-29 19:06:01,581   INFO  Train:    9/10 ( 90%) [1221/1241 ( 98%)]  Loss: 0.2726 (0.348)  LR: 6.912e-06  Time cost: 04:22/00:04 [39:30/04:31]  Acc_iter 11150       Data time: 0.00(0.00)  Forward time: 0.21(0.21)  Batch time: 0.21(0.22)
2026-09-29 19:06:05,466   INFO  Train:    9/10 ( 90%) [1240/1241 (100%)]  Loss: 0.2775 (0.348)  LR: 6.710e-06  Time cost: 04:26/00:00 [39:34/04:26]  Acc_iter 11169       Data time: 0.00(0.00)  Forward time: 0.06(0.21)  Batch time: 0.06(0.21)
2026-09-29 19:06:07,228   INFO  Train:   10/10 (100%) [   0/1241 (  0%)]  Loss: 0.3583 (0.358)  LR: 6.700e-06  Time cost: 00:01/28:08 [39:35/28:08]  Acc_iter 11170       Data time: 0.88(0.88)  Forward time: 0.48(0.48)  Batch time: 1.36(1.36)
2026-09-29 19:06:13,622   INFO  Train:   10/10 (100%) [  30/1241 (  2%)]  Loss: 0.4589 (0.338)  LR: 6.387e-06  Time cost: 00:07/05:02 [39:42/05:02]  Acc_iter 11200       Data time: 0.00(0.03)  Forward time: 0.21(0.22)  Batch time: 0.21(0.25)
2026-09-29 19:06:24,170   INFO  Train:   10/10 (100%) [  80/1241 (  6%)]  Loss: 0.2940 (0.350)  LR: 5.881e-06  Time cost: 00:18/04:22 [39:52/04:22]  Acc_iter 11250       Data time: 0.00(0.01)  Forward time: 0.21(0.21)  Batch time: 0.21(0.23)
2026-09-29 19:06:24,288   INFO  
2026-09-29 19:06:34,939   INFO  Train:   10/10 (100%) [ 130/1241 ( 10%)]  Loss: 0.2723 (0.352)  LR: 5.394e-06  Time cost: 00:29/04:06 [40:03/04:06]  Acc_iter 11300       Data time: 0.00(0.01)  Forward time: 0.20(0.21)  Batch time: 0.21(0.22)
2026-09-29 19:06:45,108   INFO  Train:   10/10 (100%) [ 180/1241 ( 15%)]  Loss: 0.3517 (0.354)  LR: 4.928e-06  Time cost: 00:39/03:50 [40:13/03:50]  Acc_iter 11350       Data time: 0.00(0.01)  Forward time: 0.18(0.21)  Batch time: 0.18(0.22)
2026-09-29 19:06:55,270   INFO  Train:   10/10 (100%) [ 230/1241 ( 19%)]  Loss: 0.3179 (0.349)  LR: 4.481e-06  Time cost: 00:49/03:36 [40:24/03:36]  Acc_iter 11400       Data time: 0.00(0.01)  Forward time: 0.21(0.21)  Batch time: 0.21(0.21)
2026-09-29 19:06:55,503   INFO  
2026-09-29 19:07:05,881   INFO  Train:   10/10 (100%) [ 280/1241 ( 23%)]  Loss: 0.4343 (0.348)  LR: 4.055e-06  Time cost: 01:00/03:25 [40:34/03:25]  Acc_iter 11450       Data time: 0.00(0.01)  Forward time: 0.21(0.21)  Batch time: 0.21(0.21)
2026-09-29 19:07:16,161   INFO  Train:   10/10 (100%) [ 330/1241 ( 27%)]  Loss: 0.2986 (0.349)  LR: 3.649e-06  Time cost: 01:10/03:13 [40:44/03:13]  Acc_iter 11500       Data time: 0.00(0.01)  Forward time: 0.19(0.21)  Batch time: 0.20(0.21)
2026-09-29 19:07:26,415   INFO  Train:   10/10 (100%) [ 380/1241 ( 31%)]  Loss: 0.3260 (0.348)  LR: 3.264e-06  Time cost: 01:20/03:02 [40:55/03:02]  Acc_iter 11550       Data time: 0.00(0.01)  Forward time: 0.19(0.21)  Batch time: 0.20(0.21)
2026-09-29 19:07:26,520   INFO  
2026-09-29 19:07:37,140   INFO  Train:   10/10 (100%) [ 430/1241 ( 35%)]  Loss: 0.4523 (0.347)  LR: 2.900e-06  Time cost: 01:31/02:51 [41:05/02:51]  Acc_iter 11600       Data time: 0.00(0.00)  Forward time: 0.21(0.21)  Batch time: 0.21(0.21)
2026-09-29 19:07:47,505   INFO  Train:   10/10 (100%) [ 480/1241 ( 39%)]  Loss: 0.3547 (0.346)  LR: 2.556e-06  Time cost: 01:41/02:40 [41:16/02:40]  Acc_iter 11650       Data time: 0.00(0.00)  Forward time: 0.20(0.21)  Batch time: 0.20(0.21)
2026-09-29 19:07:58,049   INFO  Train:   10/10 (100%) [ 530/1241 ( 43%)]  Loss: 0.3370 (0.345)  LR: 2.234e-06  Time cost: 01:52/02:30 [41:26/02:30]  Acc_iter 11700       Data time: 0.00(0.00)  Forward time: 0.19(0.21)  Batch time: 0.19(0.21)
2026-09-29 19:07:58,139   INFO  
2026-09-29 19:08:08,324   INFO  Train:   10/10 (100%) [ 580/1241 ( 47%)]  Loss: 0.3949 (0.345)  LR: 1.933e-06  Time cost: 02:02/02:19 [41:37/02:19]  Acc_iter 11750       Data time: 0.00(0.00)  Forward time: 0.23(0.21)  Batch time: 0.23(0.21)
2026-09-29 19:08:18,719   INFO  Train:   10/10 (100%) [ 630/1241 ( 51%)]  Loss: 0.2619 (0.346)  LR: 1.653e-06  Time cost: 02:12/02:08 [41:47/02:08]  Acc_iter 11800       Data time: 0.00(0.00)  Forward time: 0.20(0.21)  Batch time: 0.20(0.21)
2026-09-29 19:08:28,989   INFO  Train:   10/10 (100%) [ 680/1241 ( 55%)]  Loss: 0.4338 (0.346)  LR: 1.395e-06  Time cost: 02:23/01:57 [41:57/01:57]  Acc_iter 11850       Data time: 0.00(0.00)  Forward time: 0.20(0.21)  Batch time: 0.20(0.21)
2026-09-29 19:08:29,083   INFO  
2026-09-29 19:08:39,321   INFO  Train:   10/10 (100%) [ 730/1241 ( 59%)]  Loss: 0.2813 (0.345)  LR: 1.159e-06  Time cost: 02:33/01:47 [42:08/01:47]  Acc_iter 11900       Data time: 0.00(0.00)  Forward time: 0.20(0.21)  Batch time: 0.20(0.21)
2026-09-29 19:08:49,739   INFO  Train:   10/10 (100%) [ 780/1241 ( 63%)]  Loss: 0.3280 (0.345)  LR: 9.438e-07  Time cost: 02:43/01:36 [42:18/01:36]  Acc_iter 11950       Data time: 0.00(0.00)  Forward time: 0.20(0.21)  Batch time: 0.20(0.21)
2026-09-29 19:09:00,150   INFO  Train:   10/10 (100%) [ 830/1241 ( 67%)]  Loss: 0.3579 (0.345)  LR: 7.509e-07  Time cost: 02:54/01:26 [42:28/01:26]  Acc_iter 12000       Data time: 0.00(0.00)  Forward time: 0.21(0.21)  Batch time: 0.21(0.21)
2026-09-29 19:09:00,245   INFO  
2026-09-29 19:09:10,460   INFO  Train:   10/10 (100%) [ 880/1241 ( 71%)]  Loss: 0.3878 (0.345)  LR: 5.798e-07  Time cost: 03:04/01:15 [42:39/01:15]  Acc_iter 12050       Data time: 0.00(0.00)  Forward time: 0.21(0.21)  Batch time: 0.21(0.21)
2026-09-29 19:09:20,896   INFO  Train:   10/10 (100%) [ 930/1241 ( 75%)]  Loss: 0.2470 (0.345)  LR: 4.308e-07  Time cost: 03:15/01:05 [42:49/01:05]  Acc_iter 12100       Data time: 0.00(0.00)  Forward time: 0.18(0.21)  Batch time: 0.19(0.21)
2026-09-29 19:09:31,115   INFO  Train:   10/10 (100%) [ 980/1241 ( 79%)]  Loss: 0.3182 (0.345)  LR: 3.039e-07  Time cost: 03:25/00:54 [42:59/00:54]  Acc_iter 12150       Data time: 0.00(0.00)  Forward time: 0.19(0.21)  Batch time: 0.20(0.21)
2026-09-29 19:09:31,213   INFO  
2026-09-29 19:09:41,801   INFO  Train:   10/10 (100%) [1030/1241 ( 83%)]  Loss: 0.3310 (0.346)  LR: 1.990e-07  Time cost: 03:35/00:44 [43:10/00:44]  Acc_iter 12200       Data time: 0.00(0.00)  Forward time: 0.21(0.21)  Batch time: 0.21(0.21)
2026-09-29 19:09:51,971   INFO  Train:   10/10 (100%) [1080/1241 ( 87%)]  Loss: 0.2941 (0.345)  LR: 1.163e-07  Time cost: 03:46/00:33 [43:20/00:33]  Acc_iter 12250       Data time: 0.00(0.00)  Forward time: 0.19(0.21)  Batch time: 0.19(0.21)
2026-09-29 19:10:02,291   INFO  Train:   10/10 (100%) [1130/1241 ( 91%)]  Loss: 0.3994 (0.345)  LR: 5.582e-08  Time cost: 03:56/00:23 [43:31/00:23]  Acc_iter 12300       Data time: 0.00(0.00)  Forward time: 0.20(0.21)  Batch time: 0.20(0.21)
2026-09-29 19:10:02,381   INFO  
2026-09-29 19:10:12,988   INFO  Train:   10/10 (100%) [1180/1241 ( 95%)]  Loss: 0.3141 (0.348)  LR: 1.756e-08  Time cost: 04:07/00:12 [43:41/00:12]  Acc_iter 12350       Data time: 0.00(0.00)  Forward time: 0.20(0.21)  Batch time: 0.21(0.21)
2026-09-29 19:10:23,555   INFO  Train:   10/10 (100%) [1230/1241 ( 99%)]  Loss: 0.3250 (0.347)  LR: 1.538e-09  Time cost: 04:17/00:02 [43:52/00:02]  Acc_iter 12400       Data time: 0.00(0.00)  Forward time: 0.19(0.21)  Batch time: 0.19(0.21)
2026-09-29 19:10:25,391   INFO  Train:   10/10 (100%) [1240/1241 (100%)]  Loss: 0.2076 (0.347)  LR: 1.004e-09  Time cost: 04:19/00:00 [43:54/00:00]  Acc_iter 12410       Data time: 0.00(0.00)  Forward time: 0.07(0.21)  Batch time: 0.07(0.21)
2026-09-29 19:10:25,693   INFO  Exported HW-QAT training qparams to /home/vipuser/桌面/OpenPCDet/output/once_models/second_hw_qat/hw_qat_10ep/hw_qparams
2026-09-29 19:10:25,694   INFO  **********************End HW-QAT training once_models/second_hw_qat(hw_qat_10ep)**********************



2026-09-29 19:10:25,694   INFO  **********************Start evaluation once_models/second_hw_qat(hw_qat_10ep)**********************
2026-09-29 19:10:25,697   INFO  Loading ONCE dataset
2026-09-29 19:10:26,609   INFO  Total samples for ONCE dataset: 3321
2026-09-29 19:10:26,648   INFO  ==> Loading parameters from checkpoint /home/vipuser/桌面/OpenPCDet/output/once_models/second_hw_qat/hw_qat_10ep/ckpt/checkpoint_epoch_10.pth to GPU
2026-09-29 19:10:26,697   INFO  ==> Checkpoint trained from version: pcdet+0.6.0+233f849+py0634711
2026-09-29 19:10:26,703   INFO  ==> Done (loaded 189/189)
2026-09-29 19:10:26,705   INFO  *************** EPOCH 10 EVALUATION *****************
2026-09-29 19:11:25,886   INFO  *************** Performance of EPOCH 10 *****************
2026-09-29 19:11:25,887   INFO  Generate label finished(sec_per_example: 0.0178 second).
2026-09-29 19:11:25,887   INFO  recall_roi_0.3: 0.000000
2026-09-29 19:11:25,887   INFO  recall_rcnn_0.3: 0.906992
2026-09-29 19:11:25,887   INFO  recall_roi_0.5: 0.000000
2026-09-29 19:11:25,887   INFO  recall_rcnn_0.5: 0.815689
2026-09-29 19:11:25,887   INFO  recall_roi_0.7: 0.000000
2026-09-29 19:11:25,887   INFO  recall_rcnn_0.7: 0.565130
2026-09-29 19:11:25,895   INFO  Average predicted number of objects(3321 samples): 58.714
2026-09-29 19:12:00,064   INFO  
|AP@50       |overall     |0-30m       |30-50m      |50m-inf     |
|Vehicle     |71.19       |84.35       |63.07       |47.41       |
|Pedestrian  |20.67       |22.52       |19.64       |15.29       |
|Cyclist     |53.92       |65.75       |47.44       |32.01       |
|mAP         |48.60       |57.54       |43.38       |31.57       |

2026-09-29 19:12:00,065   INFO  Result is saved to /home/vipuser/桌面/OpenPCDet/output/once_models/second_hw_qat/hw_qat_10ep/eval/eval_with_train/epoch_10/val
2026-09-29 19:12:00,065   INFO  ****************Evaluation done.*****************
2026-09-29 19:12:00,090   INFO  Epoch 10 has been evaluated
2026-09-29 19:12:30,122   INFO  **********************End evaluation once_models/second_hw_qat(hw_qat_10ep)**********************
