Frame: 000216
Device: cuda:0
Spatial offset definition: input_zyx = output_zyx * stride_zyx + (dz, dy, dx)
(dz, dy, dx) = (kz, ky, kx) * dilation_zyx - padding_zyx, kernel index with X fastest.

Skipped non-3x3x3 sparse convs: conv_out.0(3x1x1)

conv_input.0  SubMConv3d  key=subm1  k=3x3x3  s=1x1x1  p=1x1x1  in=15118  out=15118  pairs=45130  used=27/27  mean_per_out=2.9852
  cover50=3  cover90=16  cover99=26 offsets
  idx  kz  ky  kx   dz   dy   dx      count    freq%     cum% rank  out_hit%
    0   0   0   0   -1   -1   -1        374   0.8287  95.9583   22    2.4739
    1   0   0   1   -1   -1   +0        418   0.9262  94.2034   20    2.7649
    2   0   0   2   -1   -1   +1        371   0.8221  97.6091   24    2.4540
    3   0   1   0   -1   +0   -1        446   0.9883  90.3523   16    2.9501
    4   0   1   1   -1   +0   +0        555   1.2298  83.9597   10    3.6711
    5   0   1   2   -1   +0   +1        484   1.0725  86.2619   12    3.2015
    6   0   2   0   -1   +1   -1        354   0.7844  99.2156   26    2.3416
    7   0   2   1   -1   +1   +0        458   1.0148  88.3492   14    3.0295
    8   0   2   2   -1   +1   +1        437   0.9683  92.3089   18    2.8906
    9   1   0   0   +0   -1   -1       2532   5.6105  60.7268    4   16.7482
   10   1   0   1   +0   -1   +0       4878  10.8088  44.3076    2   32.2662
   11   1   0   2   +0   -1   +1       1822   4.0372  78.6927    8   12.0519
   12   1   1   0   +0   +0   -1       1877   4.1591  70.4963    6   12.4157
   13   1   1   1   +0   +0   +0      15118  33.4988  33.4988    1  100.0000
   14   1   1   2   +0   +0   +1       1877   4.1591  74.6554    7   12.4157
   15   1   2   0   +0   +1   -1       1822   4.0372  82.7299    9   12.0519
   16   1   2   1   +0   +1   +0       4878  10.8088  55.1163    3   32.2662
   17   1   2   2   +0   +1   +1       2532   5.6105  66.3372    5   16.7482
   18   2   0   0   +1   -1   -1        437   0.9683  93.2772   19    2.8906
   19   2   0   1   +1   -1   +0        458   1.0148  89.3641   15    3.0295
   20   2   0   2   +1   -1   +1        354   0.7844 100.0000   27    2.3416
   21   2   1   0   +1   +0   -1        484   1.0725  87.3344   13    3.2015
   22   2   1   1   +1   +0   +0        555   1.2298  85.1895   11    3.6711
   23   2   1   2   +1   +0   +1        446   0.9883  91.3406   17    2.9501
   24   2   2   0   +1   +1   -1        371   0.8221  98.4312   25    2.4540
   25   2   2   1   +1   +1   +0        418   0.9262  95.1296   21    2.7649
   26   2   2   2   +1   +1   +1        374   0.8287  96.7871   23    2.4739
  frequency grid (rows dy, cols dx, percent of pairs):
  dz=-1
                dx-1      dx+0      dx+1
  dy-1        0.8287    0.9262    0.8221
  dy+0        0.9883    1.2298    1.0725
  dy+1        0.7844    1.0148    0.9683
  dz=+0
                dx-1      dx+0      dx+1
  dy-1        5.6105   10.8088    4.0372
  dy+0        4.1591   33.4988    4.1591
  dy+1        4.0372   10.8088    5.6105
  dz=+1
                dx-1      dx+0      dx+1
  dy-1        0.9683    1.0148    0.7844
  dy+0        1.0725    1.2298    0.9883
  dy+1        0.8221    0.9262    0.8287

conv1.0.0  SubMConv3d  key=subm1  k=3x3x3  s=1x1x1  p=1x1x1  module_pad=0x0x0  in=15118  out=15118  pairs=45130  used=27/27  mean_per_out=2.9852
  cover50=3  cover90=16  cover99=26 offsets
  idx  kz  ky  kx   dz   dy   dx      count    freq%     cum% rank  out_hit%
    0   0   0   0   -1   -1   -1        374   0.8287  95.9583   22    2.4739
    1   0   0   1   -1   -1   +0        418   0.9262  94.2034   20    2.7649
    2   0   0   2   -1   -1   +1        371   0.8221  97.6091   24    2.4540
    3   0   1   0   -1   +0   -1        446   0.9883  90.3523   16    2.9501
    4   0   1   1   -1   +0   +0        555   1.2298  83.9597   10    3.6711
    5   0   1   2   -1   +0   +1        484   1.0725  86.2619   12    3.2015
    6   0   2   0   -1   +1   -1        354   0.7844  99.2156   26    2.3416
    7   0   2   1   -1   +1   +0        458   1.0148  88.3492   14    3.0295
    8   0   2   2   -1   +1   +1        437   0.9683  92.3089   18    2.8906
    9   1   0   0   +0   -1   -1       2532   5.6105  60.7268    4   16.7482
   10   1   0   1   +0   -1   +0       4878  10.8088  44.3076    2   32.2662
   11   1   0   2   +0   -1   +1       1822   4.0372  78.6927    8   12.0519
   12   1   1   0   +0   +0   -1       1877   4.1591  70.4963    6   12.4157
   13   1   1   1   +0   +0   +0      15118  33.4988  33.4988    1  100.0000
   14   1   1   2   +0   +0   +1       1877   4.1591  74.6554    7   12.4157
   15   1   2   0   +0   +1   -1       1822   4.0372  82.7299    9   12.0519
   16   1   2   1   +0   +1   +0       4878  10.8088  55.1163    3   32.2662
   17   1   2   2   +0   +1   +1       2532   5.6105  66.3372    5   16.7482
   18   2   0   0   +1   -1   -1        437   0.9683  93.2772   19    2.8906
   19   2   0   1   +1   -1   +0        458   1.0148  89.3641   15    3.0295
   20   2   0   2   +1   -1   +1        354   0.7844 100.0000   27    2.3416
   21   2   1   0   +1   +0   -1        484   1.0725  87.3344   13    3.2015
   22   2   1   1   +1   +0   +0        555   1.2298  85.1895   11    3.6711
   23   2   1   2   +1   +0   +1        446   0.9883  91.3406   17    2.9501
   24   2   2   0   +1   +1   -1        371   0.8221  98.4312   25    2.4540
   25   2   2   1   +1   +1   +0        418   0.9262  95.1296   21    2.7649
   26   2   2   2   +1   +1   +1        374   0.8287  96.7871   23    2.4739
  frequency grid (rows dy, cols dx, percent of pairs):
  dz=-1
                dx-1      dx+0      dx+1
  dy-1        0.8287    0.9262    0.8221
  dy+0        0.9883    1.2298    1.0725
  dy+1        0.7844    1.0148    0.9683
  dz=+0
                dx-1      dx+0      dx+1
  dy-1        5.6105   10.8088    4.0372
  dy+0        4.1591   33.4988    4.1591
  dy+1        4.0372   10.8088    5.6105
  dz=+1
                dx-1      dx+0      dx+1
  dy-1        0.9683    1.0148    0.7844
  dy+0        1.0725    1.2298    0.9883
  dy+1        0.8221    0.9262    0.8287

conv2.0.0  SparseConv3d  key=spconv2  k=3x3x3  s=2x2x2  p=1x1x1  in=15118  out=25846  pairs=45541  used=27/27  mean_per_out=1.7620
  cover50=10  cover90=24  cover99=27 offsets
  idx  kz  ky  kx   dz   dy   dx      count    freq%     cum% rank  out_hit%
    0   0   0   0   -1   -1   -1       1320   2.8985  52.0476   10    5.1072
    1   0   0   1   -1   -1   +0       1268   2.7843  75.1213   18    4.9060
    2   0   0   2   -1   -1   +1       1320   2.8985  54.9461   11    5.1072
    3   0   1   0   -1   +0   -1       1254   2.7536  91.7393   24    4.8518
    4   0   1   1   -1   +0   +0       1255   2.7558  86.2300   22    4.8557
    5   0   1   2   -1   +0   +1       1254   2.7536  94.4929   25    4.8518
    6   0   2   0   -1   +1   -1       1320   2.8985  57.8446   12    5.1072
    7   0   2   1   -1   +1   +0       1268   2.7843  77.9056   19    4.9060
    8   0   2   2   -1   +1   +1       1320   2.8985  60.7431   13    5.1072
    9   1   0   0   +0   -1   -1       2470   5.4237  32.9264    6    9.5566
   10   1   0   1   +0   -1   +0       2492   5.4720  11.1789    2    9.6417
   11   1   0   2   +0   -1   +1       2471   5.4259  22.0768    4    9.5605
   12   1   1   0   +0   +0   -1       2459   5.3995  43.7496    8    9.5140
   13   1   1   1   +0   +0   +0       2599   5.7069   5.7069    1   10.0557
   14   1   1   2   +0   +0   +1       2459   5.3995  49.1491    9    9.5140
   15   1   2   0   +0   +1   -1       2470   5.4237  38.3501    7    9.5566
   16   1   2   1   +0   +1   +0       2492   5.4720  16.6509    3    9.6417
   17   1   2   2   +0   +1   +1       2471   5.4259  27.5027    5    9.5605
   18   2   0   0   +1   -1   -1       1320   2.8985  63.6416   14    5.1072
   19   2   0   1   +1   -1   +0       1268   2.7843  80.6899   20    4.9060
   20   2   0   2   +1   -1   +1       1320   2.8985  66.5400   15    5.1072
   21   2   1   0   +1   +0   -1       1254   2.7536  97.2464   26    4.8518
   22   2   1   1   +1   +0   +0       1255   2.7558  88.9857   23    4.8557
   23   2   1   2   +1   +0   +1       1254   2.7536 100.0000   27    4.8518
   24   2   2   0   +1   +1   -1       1320   2.8985  69.4385   16    5.1072
   25   2   2   1   +1   +1   +0       1268   2.7843  83.4742   21    4.9060
   26   2   2   2   +1   +1   +1       1320   2.8985  72.3370   17    5.1072
  frequency grid (rows dy, cols dx, percent of pairs):
  dz=-1
                dx-1      dx+0      dx+1
  dy-1        2.8985    2.7843    2.8985
  dy+0        2.7536    2.7558    2.7536
  dy+1        2.8985    2.7843    2.8985
  dz=+0
                dx-1      dx+0      dx+1
  dy-1        5.4237    5.4720    5.4259
  dy+0        5.3995    5.7069    5.3995
  dy+1        5.4237    5.4720    5.4259
  dz=+1
                dx-1      dx+0      dx+1
  dy-1        2.8985    2.7843    2.8985
  dy+0        2.7536    2.7558    2.7536
  dy+1        2.8985    2.7843    2.8985

conv2.1.0  SubMConv3d  key=subm2  k=3x3x3  s=1x1x1  p=1x1x1  module_pad=0x0x0  in=25846  out=25846  pairs=235200  used=27/27  mean_per_out=9.1001
  cover50=9  cover90=23  cover99=27 offsets
  idx  kz  ky  kx   dz   dy   dx      count    freq%     cum% rank  out_hit%
    0   0   0   0   -1   -1   -1       5164   2.1956  85.5927   20   19.9799
    1   0   0   1   -1   -1   +0       6130   2.6063  80.7908   18   23.7174
    2   0   0   2   -1   -1   +1       4545   1.9324  98.0676   26   17.5849
    3   0   1   0   -1   +0   -1       6368   2.7075  64.8818   12   24.6382
    4   0   1   1   -1   +0   +0       9592   4.0782  58.0961   10   37.1121
    5   0   1   2   -1   +0   +1       6289   2.6739  70.2632   14   24.3326
    6   0   2   0   -1   +1   -1       4692   1.9949  94.1403   24   18.1537
    7   0   2   1   -1   +1   +0       6171   2.6237  75.5608   16   23.8760
    8   0   2   2   -1   +1   +1       5124   2.1786  89.9668   22   19.8251
    9   1   0   0   +0   -1   -1      11125   4.7300  40.7394    6   43.0434
   10   1   0   1   +0   -1   +0      15598   6.6318  17.6207    2   60.3498
   11   1   0   2   +0   -1   +1      10053   4.2742  49.7436    8   38.8958
   12   1   1   0   +0   +0   -1      13826   5.8784  30.1310    4   53.4938
   13   1   1   1   +0   +0   +0      25846  10.9889  10.9889    1  100.0000
   14   1   1   2   +0   +0   +1      13826   5.8784  36.0094    5   53.4938
   15   1   2   0   +0   +1   -1      10053   4.2742  54.0179    9   38.8958
   16   1   2   1   +0   +1   +0      15598   6.6318  24.2526    3   60.3498
   17   1   2   2   +0   +1   +1      11125   4.7300  45.4694    7   43.0434
   18   2   0   0   +1   -1   -1       5124   2.1786  92.1454   23   19.8251
   19   2   0   1   +1   -1   +0       6171   2.6237  78.1845   17   23.8760
   20   2   0   2   +1   -1   +1       4692   1.9949  96.1352   25   18.1537
   21   2   1   0   +1   +0   -1       6289   2.6739  72.9371   15   24.3326
   22   2   1   1   +1   +0   +0       9592   4.0782  62.1743   11   37.1121
   23   2   1   2   +1   +0   +1       6368   2.7075  67.5893   13   24.6382
   24   2   2   0   +1   +1   -1       4545   1.9324 100.0000   27   17.5849
   25   2   2   1   +1   +1   +0       6130   2.6063  83.3971   19   23.7174
   26   2   2   2   +1   +1   +1       5164   2.1956  87.7883   21   19.9799
  frequency grid (rows dy, cols dx, percent of pairs):
  dz=-1
                dx-1      dx+0      dx+1
  dy-1        2.1956    2.6063    1.9324
  dy+0        2.7075    4.0782    2.6739
  dy+1        1.9949    2.6237    2.1786
  dz=+0
                dx-1      dx+0      dx+1
  dy-1        4.7300    6.6318    4.2742
  dy+0        5.8784   10.9889    5.8784
  dy+1        4.2742    6.6318    4.7300
  dz=+1
                dx-1      dx+0      dx+1
  dy-1        2.1786    2.6237    1.9949
  dy+0        2.6739    4.0782    2.7075
  dy+1        1.9324    2.6063    2.1956

conv2.2.0  SubMConv3d  key=subm2  k=3x3x3  s=1x1x1  p=1x1x1  module_pad=0x0x0  in=25846  out=25846  pairs=235200  used=27/27  mean_per_out=9.1001
  cover50=9  cover90=23  cover99=27 offsets
  idx  kz  ky  kx   dz   dy   dx      count    freq%     cum% rank  out_hit%
    0   0   0   0   -1   -1   -1       5164   2.1956  85.5927   20   19.9799
    1   0   0   1   -1   -1   +0       6130   2.6063  80.7908   18   23.7174
    2   0   0   2   -1   -1   +1       4545   1.9324  98.0676   26   17.5849
    3   0   1   0   -1   +0   -1       6368   2.7075  64.8818   12   24.6382
    4   0   1   1   -1   +0   +0       9592   4.0782  58.0961   10   37.1121
    5   0   1   2   -1   +0   +1       6289   2.6739  70.2632   14   24.3326
    6   0   2   0   -1   +1   -1       4692   1.9949  94.1403   24   18.1537
    7   0   2   1   -1   +1   +0       6171   2.6237  75.5608   16   23.8760
    8   0   2   2   -1   +1   +1       5124   2.1786  89.9668   22   19.8251
    9   1   0   0   +0   -1   -1      11125   4.7300  40.7394    6   43.0434
   10   1   0   1   +0   -1   +0      15598   6.6318  17.6207    2   60.3498
   11   1   0   2   +0   -1   +1      10053   4.2742  49.7436    8   38.8958
   12   1   1   0   +0   +0   -1      13826   5.8784  30.1310    4   53.4938
   13   1   1   1   +0   +0   +0      25846  10.9889  10.9889    1  100.0000
   14   1   1   2   +0   +0   +1      13826   5.8784  36.0094    5   53.4938
   15   1   2   0   +0   +1   -1      10053   4.2742  54.0179    9   38.8958
   16   1   2   1   +0   +1   +0      15598   6.6318  24.2526    3   60.3498
   17   1   2   2   +0   +1   +1      11125   4.7300  45.4694    7   43.0434
   18   2   0   0   +1   -1   -1       5124   2.1786  92.1454   23   19.8251
   19   2   0   1   +1   -1   +0       6171   2.6237  78.1845   17   23.8760
   20   2   0   2   +1   -1   +1       4692   1.9949  96.1352   25   18.1537
   21   2   1   0   +1   +0   -1       6289   2.6739  72.9371   15   24.3326
   22   2   1   1   +1   +0   +0       9592   4.0782  62.1743   11   37.1121
   23   2   1   2   +1   +0   +1       6368   2.7075  67.5893   13   24.6382
   24   2   2   0   +1   +1   -1       4545   1.9324 100.0000   27   17.5849
   25   2   2   1   +1   +1   +0       6130   2.6063  83.3971   19   23.7174
   26   2   2   2   +1   +1   +1       5164   2.1956  87.7883   21   19.9799
  frequency grid (rows dy, cols dx, percent of pairs):
  dz=-1
                dx-1      dx+0      dx+1
  dy-1        2.1956    2.6063    1.9324
  dy+0        2.7075    4.0782    2.6739
  dy+1        1.9949    2.6237    2.1786
  dz=+0
                dx-1      dx+0      dx+1
  dy-1        4.7300    6.6318    4.2742
  dy+0        5.8784   10.9889    5.8784
  dy+1        4.2742    6.6318    4.7300
  dz=+1
                dx-1      dx+0      dx+1
  dy-1        2.1786    2.6237    1.9949
  dy+0        2.6739    4.0782    2.7075
  dy+1        1.9324    2.6063    2.1956

conv3.0.0  SparseConv3d  key=spconv3  k=3x3x3  s=2x2x2  p=1x1x1  in=25846  out=19116  pairs=86103  used=27/27  mean_per_out=4.5042
  cover50=14  cover90=25  cover99=27 offsets
  idx  kz  ky  kx   dz   dy   dx      count    freq%     cum% rank  out_hit%
    0   0   0   0   -1   -1   -1       3081   3.5783  89.2652   24   16.1174
    1   0   0   1   -1   -1   +0       3132   3.6375  45.9508   12   16.3842
    2   0   0   2   -1   -1   +1       3084   3.5818  74.9416   20   16.1331
    3   0   1   0   -1   +0   -1       3132   3.6375  49.5883   13   16.3842
    4   0   1   1   -1   +0   +0       3109   3.6108  67.7491   18   16.2639
    5   0   1   2   -1   +0   +1       3133   3.6387  38.6746   10   16.3894
    6   0   2   0   -1   +1   -1       3081   3.5783  92.8435   25   16.1174
    7   0   2   1   -1   +1   +0       3132   3.6375  53.2258   14   16.3842
    8   0   2   2   -1   +1   +1       3084   3.5818  78.5234   21   16.1331
    9   1   0   0   +0   -1   -1       3365   3.9081  11.7638    3   17.6031
   10   1   0   1   +0   -1   +0       3302   3.8349  31.2010    8   17.2735
   11   1   0   2   +0   -1   +1       3365   3.9081  15.6719    4   17.6031
   12   1   1   0   +0   +0   -1       3382   3.9279   3.9279    1   17.6920
   13   1   1   1   +0   +0   +0       3339   3.8779  27.3661    7   17.4670
   14   1   1   2   +0   +0   +1       3382   3.9279   7.8557    2   17.6920
   15   1   2   0   +0   +1   -1       3365   3.9081  19.5800    5   17.6031
   16   1   2   1   +0   +1   +0       3302   3.8349  35.0359    9   17.2735
   17   1   2   2   +0   +1   +1       3365   3.9081  23.4881    6   17.6031
   18   2   0   0   +1   -1   -1       3081   3.5783  96.4217   26   16.1174
   19   2   0   1   +1   -1   +0       3132   3.6375  56.8633   15   16.3842
   20   2   0   2   +1   -1   +1       3084   3.5818  82.1052   22   16.1331
   21   2   1   0   +1   +0   -1       3132   3.6375  60.5008   16   16.3842
   22   2   1   1   +1   +0   +0       3109   3.6108  71.3599   19   16.2639
   23   2   1   2   +1   +0   +1       3133   3.6387  42.3133   11   16.3894
   24   2   2   0   +1   +1   -1       3081   3.5783 100.0000   27   16.1174
   25   2   2   1   +1   +1   +0       3132   3.6375  64.1383   17   16.3842
   26   2   2   2   +1   +1   +1       3084   3.5818  85.6869   23   16.1331
  frequency grid (rows dy, cols dx, percent of pairs):
  dz=-1
                dx-1      dx+0      dx+1
  dy-1        3.5783    3.6375    3.5818
  dy+0        3.6375    3.6108    3.6387
  dy+1        3.5783    3.6375    3.5818
  dz=+0
                dx-1      dx+0      dx+1
  dy-1        3.9081    3.8349    3.9081
  dy+0        3.9279    3.8779    3.9279
  dy+1        3.9081    3.8349    3.9081
  dz=+1
                dx-1      dx+0      dx+1
  dy-1        3.5783    3.6375    3.5818
  dy+0        3.6375    3.6108    3.6387
  dy+1        3.5783    3.6375    3.5818

conv3.1.0  SubMConv3d  key=subm3  k=3x3x3  s=1x1x1  p=1x1x1  module_pad=0x0x0  in=19116  out=19116  pairs=250682  used=27/27  mean_per_out=13.1137
  cover50=10  cover90=23  cover99=27 offsets
  idx  kz  ky  kx   dz   dy   dx      count    freq%     cum% rank  out_hit%
    0   0   0   0   -1   -1   -1       6606   2.6352  87.5555   22   34.5574
    1   0   0   1   -1   -1   +0       7181   2.8646  76.6577   18   37.5654
    2   0   0   2   -1   -1   +1       5956   2.3759  97.6241   26   31.1571
    3   0   1   0   -1   +0   -1       7918   3.1586  58.4573   12   41.4208
    4   0   1   1   -1   +0   +0       9863   3.9345  51.3643   10   51.5955
    5   0   1   2   -1   +0   +1       7813   3.1167  64.7326   14   40.8715
    6   0   2   0   -1   +1   -1       6339   2.5287  92.7195   24   33.1607
    7   0   2   1   -1   +1   +0       7450   2.9719  70.8212   16   38.9726
    8   0   2   2   -1   +1   +1       6766   2.6990  82.2213   20   35.3944
    9   1   0   0   +0   -1   -1      11635   4.6413  34.1600    6   60.8652
   10   1   0   1   +0   -1   +0      13594   5.4228  24.0959    4   71.1132
   11   1   0   2   +0   -1   +1      10815   4.3142  43.1156    8   56.5756
   12   1   1   0   +0   +0   -1      13847   5.5237  13.1493    2   72.4367
   13   1   1   1   +0   +0   +0      19116   7.6256   7.6256    1  100.0000
   14   1   1   2   +0   +0   +1      13847   5.5237  18.6731    3   72.4367
   15   1   2   0   +0   +1   -1      10815   4.3142  47.4298    9   56.5756
   16   1   2   1   +0   +1   +0      13594   5.4228  29.5187    5   71.1132
   17   1   2   2   +0   +1   +1      11635   4.6413  38.8013    7   60.8652
   18   2   0   0   +1   -1   -1       6766   2.6990  84.9203   21   35.3944
   19   2   0   1   +1   -1   +0       7450   2.9719  73.7931   17   38.9726
   20   2   0   2   +1   -1   +1       6339   2.5287  95.2482   25   33.1607
   21   2   1   0   +1   +0   -1       7813   3.1167  67.8493   15   40.8715
   22   2   1   1   +1   +0   +0       9863   3.9345  55.2987   11   51.5955
   23   2   1   2   +1   +0   +1       7918   3.1586  61.6159   13   41.4208
   24   2   2   0   +1   +1   -1       5956   2.3759 100.0000   27   31.1571
   25   2   2   1   +1   +1   +0       7181   2.8646  79.5223   19   37.5654
   26   2   2   2   +1   +1   +1       6606   2.6352  90.1908   23   34.5574
  frequency grid (rows dy, cols dx, percent of pairs):
  dz=-1
                dx-1      dx+0      dx+1
  dy-1        2.6352    2.8646    2.3759
  dy+0        3.1586    3.9345    3.1167
  dy+1        2.5287    2.9719    2.6990
  dz=+0
                dx-1      dx+0      dx+1
  dy-1        4.6413    5.4228    4.3142
  dy+0        5.5237    7.6256    5.5237
  dy+1        4.3142    5.4228    4.6413
  dz=+1
                dx-1      dx+0      dx+1
  dy-1        2.6990    2.9719    2.5287
  dy+0        3.1167    3.9345    3.1586
  dy+1        2.3759    2.8646    2.6352

conv3.2.0  SubMConv3d  key=subm3  k=3x3x3  s=1x1x1  p=1x1x1  module_pad=0x0x0  in=19116  out=19116  pairs=250682  used=27/27  mean_per_out=13.1137
  cover50=10  cover90=23  cover99=27 offsets
  idx  kz  ky  kx   dz   dy   dx      count    freq%     cum% rank  out_hit%
    0   0   0   0   -1   -1   -1       6606   2.6352  87.5555   22   34.5574
    1   0   0   1   -1   -1   +0       7181   2.8646  76.6577   18   37.5654
    2   0   0   2   -1   -1   +1       5956   2.3759  97.6241   26   31.1571
    3   0   1   0   -1   +0   -1       7918   3.1586  58.4573   12   41.4208
    4   0   1   1   -1   +0   +0       9863   3.9345  51.3643   10   51.5955
    5   0   1   2   -1   +0   +1       7813   3.1167  64.7326   14   40.8715
    6   0   2   0   -1   +1   -1       6339   2.5287  92.7195   24   33.1607
    7   0   2   1   -1   +1   +0       7450   2.9719  70.8212   16   38.9726
    8   0   2   2   -1   +1   +1       6766   2.6990  82.2213   20   35.3944
    9   1   0   0   +0   -1   -1      11635   4.6413  34.1600    6   60.8652
   10   1   0   1   +0   -1   +0      13594   5.4228  24.0959    4   71.1132
   11   1   0   2   +0   -1   +1      10815   4.3142  43.1156    8   56.5756
   12   1   1   0   +0   +0   -1      13847   5.5237  13.1493    2   72.4367
   13   1   1   1   +0   +0   +0      19116   7.6256   7.6256    1  100.0000
   14   1   1   2   +0   +0   +1      13847   5.5237  18.6731    3   72.4367
   15   1   2   0   +0   +1   -1      10815   4.3142  47.4298    9   56.5756
   16   1   2   1   +0   +1   +0      13594   5.4228  29.5187    5   71.1132
   17   1   2   2   +0   +1   +1      11635   4.6413  38.8013    7   60.8652
   18   2   0   0   +1   -1   -1       6766   2.6990  84.9203   21   35.3944
   19   2   0   1   +1   -1   +0       7450   2.9719  73.7931   17   38.9726
   20   2   0   2   +1   -1   +1       6339   2.5287  95.2482   25   33.1607
   21   2   1   0   +1   +0   -1       7813   3.1167  67.8493   15   40.8715
   22   2   1   1   +1   +0   +0       9863   3.9345  55.2987   11   51.5955
   23   2   1   2   +1   +0   +1       7918   3.1586  61.6159   13   41.4208
   24   2   2   0   +1   +1   -1       5956   2.3759 100.0000   27   31.1571
   25   2   2   1   +1   +1   +0       7181   2.8646  79.5223   19   37.5654
   26   2   2   2   +1   +1   +1       6606   2.6352  90.1908   23   34.5574
  frequency grid (rows dy, cols dx, percent of pairs):
  dz=-1
                dx-1      dx+0      dx+1
  dy-1        2.6352    2.8646    2.3759
  dy+0        3.1586    3.9345    3.1167
  dy+1        2.5287    2.9719    2.6990
  dz=+0
                dx-1      dx+0      dx+1
  dy-1        4.6413    5.4228    4.3142
  dy+0        5.5237    7.6256    5.5237
  dy+1        4.3142    5.4228    4.6413
  dz=+1
                dx-1      dx+0      dx+1
  dy-1        2.6990    2.9719    2.5287
  dy+0        3.1167    3.9345    3.1586
  dy+1        2.3759    2.8646    2.6352

conv4.0.0  SparseConv3d  key=spconv4  k=3x3x3  s=2x2x2  p=0x1x1  in=19116  out=8499  pairs=60358  used=27/27  mean_per_out=7.1018
  cover50=12  cover90=24  cover99=27 offsets
  idx  kz  ky  kx   dz   dy   dx      count    freq%     cum% rank  out_hit%
    0   0   0   0   +0   -1   -1       1930   3.1976  84.0850   22   22.7086
    1   0   0   1   +0   -1   +0       1921   3.1827  93.6545   25   22.6027
    2   0   0   2   +0   -1   +1       1935   3.2059  74.4823   19   22.7674
    3   0   1   0   +0   +0   -1       1925   3.1893  90.4719   24   22.6497
    4   0   1   1   +0   +0   +0       1909   3.1628 100.0000   27   22.4615
    5   0   1   2   +0   +0   +1       1931   3.1992  80.8874   21   22.7203
    6   0   2   0   +0   +1   -1       1930   3.1976  87.2825   23   22.7086
    7   0   2   1   +0   +1   +0       1921   3.1827  96.8372   26   22.6027
    8   0   2   2   +0   +1   +1       1935   3.2059  77.6881   20   22.7674
    9   1   0   0   +1   -1   -1       2696   4.4667  22.4444    5   31.7214
   10   1   0   1   +1   -1   +0       2683   4.4451  35.8180    8   31.5684
   11   1   0   2   +1   -1   +1       2701   4.4750  13.5028    3   31.7802
   12   1   1   0   +1   +0   -1       2721   4.5081   9.0278    2   32.0155
   13   1   1   1   +1   +0   +0       2693   4.4617  31.3728    7   31.6861
   14   1   1   2   +1   +0   +1       2728   4.5197   4.5197    1   32.0979
   15   1   2   0   +1   +1   -1       2696   4.4667  26.9111    6   31.7214
   16   1   2   1   +1   +1   +0       2683   4.4451  40.2631    9   31.5684
   17   1   2   2   +1   +1   +1       2701   4.4750  17.9777    4   31.7802
   18   2   0   0   +2   -1   -1       2082   3.4494  57.5615   14   24.4970
   19   2   0   1   +2   -1   +0       2068   3.4262  64.4372   16   24.3323
   20   2   0   2   +2   -1   +1       2088   3.4594  47.1934   11   24.5676
   21   2   1   0   +2   +0   -1       2088   3.4594  50.6528   12   24.5676
   22   2   1   1   +2   +0   +0       2060   3.4130  71.2764   18   24.2381
   23   2   1   2   +2   +0   +1       2095   3.4710  43.7341   10   24.6500
   24   2   2   0   +2   +1   -1       2082   3.4494  61.0110   15   24.4970
   25   2   2   1   +2   +1   +0       2068   3.4262  67.8634   17   24.3323
   26   2   2   2   +2   +1   +1       2088   3.4594  54.1121   13   24.5676
  frequency grid (rows dy, cols dx, percent of pairs):
  dz=+0
                dx-1      dx+0      dx+1
  dy-1        3.1976    3.1827    3.2059
  dy+0        3.1893    3.1628    3.1992
  dy+1        3.1976    3.1827    3.2059
  dz=+1
                dx-1      dx+0      dx+1
  dy-1        4.4667    4.4451    4.4750
  dy+0        4.5081    4.4617    4.5197
  dy+1        4.4667    4.4451    4.4750
  dz=+2
                dx-1      dx+0      dx+1
  dy-1        3.4494    3.4262    3.4594
  dy+0        3.4594    3.4130    3.4710
  dy+1        3.4494    3.4262    3.4594

conv4.1.0  SubMConv3d  key=subm4  k=3x3x3  s=1x1x1  p=1x1x1  module_pad=0x0x0  in=8499  out=8499  pairs=119201  used=27/27  mean_per_out=14.0253
  cover50=10  cover90=24  cover99=27 offsets
  idx  kz  ky  kx   dz   dy   dx      count    freq%     cum% rank  out_hit%
    0   0   0   0   -1   -1   -1       3143   2.6367  87.2610   22   36.9808
    1   0   0   1   -1   -1   +0       3338   2.8003  76.3744   18   39.2752
    2   0   0   2   -1   -1   +1       2932   2.4597  97.5403   26   34.4982
    3   0   1   0   -1   +0   -1       3634   3.0486  58.6866   12   42.7580
    4   0   1   1   -1   +0   +0       4257   3.5713  52.0667   10   50.0882
    5   0   1   2   -1   +0   +1       3594   3.0151  64.7503   14   42.2873
    6   0   2   0   -1   +1   -1       3089   2.5914  92.4892   24   36.3455
    7   0   2   1   -1   +1   +0       3462   2.9043  70.6697   16   40.7342
    8   0   2   2   -1   +1   +1       3248   2.7248  81.8995   20   38.2163
    9   1   0   0   +0   -1   -1       5866   4.9211  34.3210    6   69.0199
   10   1   0   1   +0   -1   +0       6487   5.4421  23.9579    4   76.3266
   11   1   0   2   +0   -1   +1       5515   4.6266  43.8688    8   64.8900
   12   1   1   0   +0   +0   -1       6786   5.6929  12.8229    2   79.8447
   13   1   1   1   +0   +0   +0       8499   7.1300   7.1300    1  100.0000
   14   1   1   2   +0   +0   +1       6786   5.6929  18.5158    3   79.8447
   15   1   2   0   +0   +1   -1       5515   4.6266  48.4954    9   64.8900
   16   1   2   1   +0   +1   +0       6487   5.4421  29.3999    5   76.3266
   17   1   2   2   +0   +1   +1       5866   4.9211  39.2421    7   69.0199
   18   2   0   0   +1   -1   -1       3248   2.7248  84.6243   21   38.2163
   19   2   0   1   +1   -1   +0       3462   2.9043  73.5740   17   40.7342
   20   2   0   2   +1   -1   +1       3089   2.5914  95.0806   25   36.3455
   21   2   1   0   +1   +0   -1       3594   3.0151  67.7654   15   42.2873
   22   2   1   1   +1   +0   +0       4257   3.5713  55.6380   11   50.0882
   23   2   1   2   +1   +0   +1       3634   3.0486  61.7352   13   42.7580
   24   2   2   0   +1   +1   -1       2932   2.4597 100.0000   27   34.4982
   25   2   2   1   +1   +1   +0       3338   2.8003  79.1747   19   39.2752
   26   2   2   2   +1   +1   +1       3143   2.6367  89.8977   23   36.9808
  frequency grid (rows dy, cols dx, percent of pairs):
  dz=-1
                dx-1      dx+0      dx+1
  dy-1        2.6367    2.8003    2.4597
  dy+0        3.0486    3.5713    3.0151
  dy+1        2.5914    2.9043    2.7248
  dz=+0
                dx-1      dx+0      dx+1
  dy-1        4.9211    5.4421    4.6266
  dy+0        5.6929    7.1300    5.6929
  dy+1        4.6266    5.4421    4.9211
  dz=+1
                dx-1      dx+0      dx+1
  dy-1        2.7248    2.9043    2.5914
  dy+0        3.0151    3.5713    3.0486
  dy+1        2.4597    2.8003    2.6367

conv4.2.0  SubMConv3d  key=subm4  k=3x3x3  s=1x1x1  p=1x1x1  module_pad=0x0x0  in=8499  out=8499  pairs=119201  used=27/27  mean_per_out=14.0253
  cover50=10  cover90=24  cover99=27 offsets
  idx  kz  ky  kx   dz   dy   dx      count    freq%     cum% rank  out_hit%
    0   0   0   0   -1   -1   -1       3143   2.6367  87.2610   22   36.9808
    1   0   0   1   -1   -1   +0       3338   2.8003  76.3744   18   39.2752
    2   0   0   2   -1   -1   +1       2932   2.4597  97.5403   26   34.4982
    3   0   1   0   -1   +0   -1       3634   3.0486  58.6866   12   42.7580
    4   0   1   1   -1   +0   +0       4257   3.5713  52.0667   10   50.0882
    5   0   1   2   -1   +0   +1       3594   3.0151  64.7503   14   42.2873
    6   0   2   0   -1   +1   -1       3089   2.5914  92.4892   24   36.3455
    7   0   2   1   -1   +1   +0       3462   2.9043  70.6697   16   40.7342
    8   0   2   2   -1   +1   +1       3248   2.7248  81.8995   20   38.2163
    9   1   0   0   +0   -1   -1       5866   4.9211  34.3210    6   69.0199
   10   1   0   1   +0   -1   +0       6487   5.4421  23.9579    4   76.3266
   11   1   0   2   +0   -1   +1       5515   4.6266  43.8688    8   64.8900
   12   1   1   0   +0   +0   -1       6786   5.6929  12.8229    2   79.8447
   13   1   1   1   +0   +0   +0       8499   7.1300   7.1300    1  100.0000
   14   1   1   2   +0   +0   +1       6786   5.6929  18.5158    3   79.8447
   15   1   2   0   +0   +1   -1       5515   4.6266  48.4954    9   64.8900
   16   1   2   1   +0   +1   +0       6487   5.4421  29.3999    5   76.3266
   17   1   2   2   +0   +1   +1       5866   4.9211  39.2421    7   69.0199
   18   2   0   0   +1   -1   -1       3248   2.7248  84.6243   21   38.2163
   19   2   0   1   +1   -1   +0       3462   2.9043  73.5740   17   40.7342
   20   2   0   2   +1   -1   +1       3089   2.5914  95.0806   25   36.3455
   21   2   1   0   +1   +0   -1       3594   3.0151  67.7654   15   42.2873
   22   2   1   1   +1   +0   +0       4257   3.5713  55.6380   11   50.0882
   23   2   1   2   +1   +0   +1       3634   3.0486  61.7352   13   42.7580
   24   2   2   0   +1   +1   -1       2932   2.4597 100.0000   27   34.4982
   25   2   2   1   +1   +1   +0       3338   2.8003  79.1747   19   39.2752
   26   2   2   2   +1   +1   +1       3143   2.6367  89.8977   23   36.9808
  frequency grid (rows dy, cols dx, percent of pairs):
  dz=-1
                dx-1      dx+0      dx+1
  dy-1        2.6367    2.8003    2.4597
  dy+0        3.0486    3.5713    3.0151
  dy+1        2.5914    2.9043    2.7248
  dz=+0
                dx-1      dx+0      dx+1
  dy-1        4.9211    5.4421    4.6266
  dy+0        5.6929    7.1300    5.6929
  dy+1        4.6266    5.4421    4.9211
  dz=+1
                dx-1      dx+0      dx+1
  dy-1        2.7248    2.9043    2.5914
  dy+0        3.0151    3.5713    3.0486
  dy+1        2.4597    2.8003    2.6367
